    [download error] https://zenodo.org/api/records/10160617/files/Input_file_Example.csv/content: HTTP Error 429: TOO MANY REQUESTS
    [download error] https://zenodo.org/api/records/10161903/files/data_intact_dna.csv/content: HTTP Error 429: TOO MANY REQUESTS
    [download error] https://zenodo.org/api/records/10161903/files/data_plasma_protein.csv/content: HTTP Error 429: TOO MANY REQUESTS
    [download error] https://zenodo.org/api/records/10161903/files/data_cd4_protein.csv/content: HTTP Error 429: TOO MANY REQUESTS
  [zenodo] fetched=20 processed=84
    [API error] 10164879: HTTP Error 429: TOO MANY REQUESTS
  [zenodo] fetched=20 processed=137
  [zenodo] fetched=40 processed=234
  [zenodo] fetched=60 processed=331
  [zenodo] fetched=80 processed=403
  [zenodo] fetched=100 processed=471
  [zenodo] fetched=120 processed=550
  [zenodo] fetched=140 processed=622
  [zenodo] fetched=160 processed=663
  [zenodo] fetched=180 processed=724
  [zenodo] fetched=200 processed=794

Done. Real media fetched: 205
No usable files: 604
API errors: 0
Total processed: 809
