  images=17 docs=3 processed=31
  images=31 docs=9 processed=94
  images=59 docs=21 processed=165
  images=82 docs=38 processed=225
  images=82 docs=38 processed=226
  images=88 docs=52 processed=263
  images=102 docs=58 processed=280
  images=102 docs=58 processed=281
  images=102 docs=58 processed=282
  images=113 docs=67 processed=311
  images=130 docs=70 processed=337
  images=146 docs=74 processed=375
  images=159 docs=81 processed=399
  images=175 docs=85 processed=426
  images=175 docs=85 processed=427
  images=191 docs=89 processed=468
  images=207 docs=93 processed=494
  images=221 docs=99 processed=526
  images=221 docs=99 processed=527
  images=249 docs=111 processed=582
  images=266 docs=114 processed=614
  images=282 docs=118 processed=646
  images=282 docs=118 processed=647
  images=295 docs=125 processed=671
  images=311 docs=129 processed=698
  images=327 docs=133 processed=731
  images=340 docs=140 processed=795
  images=357 docs=143 processed=842
  images=383 docs=157 processed=882
  images=383 docs=157 processed=883
  images=412 docs=168 processed=958
  images=429 docs=171 processed=989
  images=429 docs=171 processed=990
  images=443 docs=177 processed=1017
  images=452 docs=188 processed=1036
  images=452 docs=188 processed=1037
  images=452 docs=188 processed=1038
  images=464 docs=196 processed=1064
  images=481 docs=199 processed=1091
  images=496 docs=204 processed=1135
  images=496 docs=204 processed=1136
  images=496 docs=204 processed=1137
  images=496 docs=204 processed=1138
  images=511 docs=209 processed=1177
  images=525 docs=215 processed=1219
  images=538 docs=222 processed=1243
  images=538 docs=222 processed=1244
  images=554 docs=226 processed=1273
  images=572 docs=228 processed=1318
  images=584 docs=236 processed=1339
  images=595 docs=245 processed=1370
  images=595 docs=245 processed=1371
  images=609 docs=251 processed=1423
  images=635 docs=265 processed=1496
  images=650 docs=270 processed=1531
  images=650 docs=270 processed=1532
  images=650 docs=270 processed=1533
  images=650 docs=270 processed=1534
  images=668 docs=272 processed=1570
  images=684 docs=276 processed=1599
  images=699 docs=281 processed=1630
  images=714 docs=286 processed=1696
  images=724 docs=296 processed=1731
  images=724 docs=296 processed=1732
  images=724 docs=296 processed=1733
  images=724 docs=296 processed=1734
  images=749 docs=311 processed=1793
  images=767 docs=313 processed=1827
  images=799 docs=321 processed=1897
  images=813 docs=327 processed=1932
  images=837 docs=343 processed=1998
  images=851 docs=349 processed=2053
  images=851 docs=349 processed=2054
  images=866 docs=354 processed=2100
  images=885 docs=355 processed=2143
  images=885 docs=355 processed=2144
  images=885 docs=355 processed=2145
  images=914 docs=366 processed=2204
  images=914 docs=366 processed=2205
  images=914 docs=366 processed=2206
  images=914 docs=366 processed=2207
  images=914 docs=366 processed=2208
  images=930 docs=370 processed=2238
  images=952 docs=388 processed=2284
  images=952 docs=388 processed=2285
  images=952 docs=388 processed=2286
  images=952 docs=388 processed=2287
  images=967 docs=393 processed=2323
  images=967 docs=393 processed=2324
  images=967 docs=393 processed=2325
  images=995 docs=405 processed=2392
  images=1007 docs=413 processed=2420
  images=1023 docs=417 processed=2487
  images=1023 docs=417 processed=2488
  images=1023 docs=417 processed=2489
  images=1039 docs=421 processed=2537
  images=1055 docs=425 processed=2577
  images=1066 docs=434 processed=2610
  images=1095 docs=445 processed=2677
  images=1111 docs=449 processed=2708
  images=1111 docs=449 processed=2709
  images=1111 docs=449 processed=2710
  images=1111 docs=449 processed=2711
  images=1128 docs=452 processed=2754
  images=1128 docs=452 processed=2755
  images=1128 docs=452 processed=2756
  images=1128 docs=452 processed=2757
  images=1142 docs=458 processed=2806
  images=1156 docs=464 processed=2841
  images=1156 docs=464 processed=2842
  images=1175 docs=465 processed=2877
  images=1175 docs=465 processed=2878
  images=1175 docs=465 processed=2879
  images=1175 docs=465 processed=2880
  images=1175 docs=465 processed=2881
  images=1193 docs=467 processed=2923
  images=1203 docs=477 processed=2939
  images=1203 docs=477 processed=2940
  images=1220 docs=480 processed=2968
  images=1237 docs=483 processed=3001
  images=1237 docs=483 processed=3002
  images=1267 docs=493 processed=3061
  images=1267 docs=493 processed=3062
  images=1282 docs=498 processed=3098
  images=1282 docs=498 processed=3099
  images=1312 docs=508 processed=3165
  images=1312 docs=508 processed=3166
  images=1312 docs=508 processed=3167
  images=1327 docs=513 processed=3194
  images=1327 docs=513 processed=3195
  images=1327 docs=513 processed=3196
  images=1327 docs=513 processed=3197
  images=1327 docs=513 processed=3198
  images=1327 docs=513 processed=3199
  images=1327 docs=513 processed=3200
  images=1343 docs=517 processed=3247
  images=1371 docs=529 processed=3294
  images=1386 docs=534 processed=3313
  images=1404 docs=536 processed=3354
  images=1404 docs=536 processed=3355
  images=1404 docs=536 processed=3356
  images=1412 docs=548 processed=3385
  images=1454 docs=566 processed=3485
  images=1473 docs=567 processed=3528
  images=1473 docs=567 processed=3529
  images=1488 docs=572 processed=3580
  images=1506 docs=574 processed=3621
  images=1521 docs=579 processed=3663
  images=1521 docs=579 processed=3664
  images=1521 docs=579 processed=3665
  images=1541 docs=599 processed=3714
  images=1541 docs=599 processed=3715
  images=1541 docs=599 processed=3716
  images=1541 docs=599 processed=3717
  images=1541 docs=599 processed=3718
  images=1541 docs=599 processed=3719
  images=1558 docs=602 processed=3759
  images=1561 docs=619 processed=3770
  images=1592 docs=628 processed=3839
  images=1610 docs=630 processed=3883
  images=1625 docs=635 processed=3927
  images=1625 docs=635 processed=3928
  images=1625 docs=635 processed=3929
  images=1638 docs=642 processed=3966
  images=1666 docs=654 processed=4019
  images=1666 docs=654 processed=4020
  images=1666 docs=654 processed=4021
  images=1685 docs=655 processed=4064
  images=1698 docs=662 processed=4112
  images=1712 docs=668 processed=4140
  images=1712 docs=668 processed=4141
  images=1762 docs=678 processed=4252
  images=1780 docs=680 processed=4284
  images=1797 docs=683 processed=4338
  images=1797 docs=683 processed=4339
  images=1797 docs=683 processed=4340
  images=1797 docs=683 processed=4341
  images=1815 docs=685 processed=4392
  images=1815 docs=685 processed=4393
  images=1815 docs=685 processed=4394
  images=1815 docs=685 processed=4395
  images=1815 docs=685 processed=4396
  images=1825 docs=695 processed=4406
  images=1837 docs=703 processed=4451
  images=1837 docs=703 processed=4452
  images=1837 docs=703 processed=4453
  images=1856 docs=704 processed=4477
  images=1867 docs=713 processed=4501
  images=1867 docs=713 processed=4502
  images=1867 docs=713 processed=4503
  images=1867 docs=713 processed=4504
  images=1883 docs=717 processed=4533
  images=1903 docs=717 processed=4553
  images=1919 docs=721 processed=4571
  images=1937 docs=723 processed=4597
  images=1937 docs=723 processed=4598
  images=1937 docs=723 processed=4599
  images=1937 docs=723 processed=4600
  images=1937 docs=723 processed=4601
  images=1949 docs=731 processed=4633
  images=1949 docs=731 processed=4634
  images=1949 docs=731 processed=4635
  images=1949 docs=731 processed=4636
  images=1949 docs=731 processed=4637
  images=1949 docs=731 processed=4638
  images=1949 docs=731 processed=4639
  images=1975 docs=745 processed=4702
  images=1988 docs=752 processed=4727
  images=2002 docs=758 processed=4750
  images=2030 docs=770 processed=4812
  images=2044 docs=776 processed=4868
  images=2044 docs=776 processed=4869
  images=2055 docs=785 processed=4890
  images=2085 docs=795 processed=4960
  images=2101 docs=799 processed=4989
  images=2101 docs=799 processed=4990
  images=2101 docs=799 processed=4991
  images=2101 docs=799 processed=4992
  images=2101 docs=799 processed=4993
  images=2119 docs=801 processed=5049
  images=2127 docs=813 processed=5091
  images=2140 docs=820 processed=5127
  images=2140 docs=820 processed=5128
  images=2140 docs=820 processed=5129
  images=2140 docs=820 processed=5130
  images=2140 docs=820 processed=5131
  images=2140 docs=820 processed=5132
  images=2156 docs=824 processed=5162
  images=2174 docs=826 processed=5202
  images=2174 docs=826 processed=5203
  images=2174 docs=826 processed=5204
  images=2189 docs=831 processed=5259
  images=2203 docs=837 processed=5298
  images=2223 docs=837 processed=5318
  images=2243 docs=837 processed=5338
  images=2263 docs=837 processed=5358
  images=2283 docs=837 processed=5378
  images=2303 docs=837 processed=5398
  images=2323 docs=837 processed=5418
  images=2343 docs=837 processed=5438
  images=2363 docs=837 processed=5458
  images=2381 docs=839 processed=5486
  images=2427 docs=853 processed=5571
  images=2440 docs=860 processed=5605
  images=2440 docs=860 processed=5606
  images=2440 docs=860 processed=5607
  images=2440 docs=860 processed=5608
  images=2440 docs=860 processed=5609
  images=2440 docs=860 processed=5610
  images=2440 docs=860 processed=5611
  images=2459 docs=861 processed=5657
  images=2459 docs=861 processed=5658
  images=2459 docs=861 processed=5659
  images=2459 docs=861 processed=5660
  images=2459 docs=861 processed=5661
  images=2469 docs=871 processed=5704
  images=2469 docs=871 processed=5705
  images=2469 docs=871 processed=5706
  images=2486 docs=874 processed=5731
  images=2503 docs=877 processed=5760

Done. Real cover images fetched: 2505
Real documents fetched: 877
Confirmed no assets: 2936
API errors (will retry next run): 0
Total processed this run: 5763
