/home/itsgurmailsingh/Documents/Labi_Ecosystem/labi-protocols/scripts/sources/fetch_figshare.py:119: DeprecationWarning: datetime.datetime.utcnow() is deprecated and scheduled for removal in a future version. Use timezone-aware objects to represent datetimes in UTC: datetime.datetime.now(datetime.UTC).
  "fetched_at": datetime.datetime.utcnow().isoformat(),
/home/itsgurmailsingh/Documents/Labi_Ecosystem/labi-protocols/scripts/sources/fetch_figshare.py:80: DeprecationWarning: datetime.datetime.utcnow() is deprecated and scheduled for removal in a future version. Use timezone-aware objects to represent datetimes in UTC: datetime.datetime.now(datetime.UTC).
  "ts": datetime.datetime.utcnow().isoformat()}) + "\n")
Resuming from 0 existing figshare records.

Keyword: 'PCR protocol'  type=3
  [   1] 32933216  Supplementary Material for: Bilateral Acanthamoeba Keratitis seco
  [   2] 32835794  Microbiome and plasma metabolomics data in the Wenzhou Parkinson'
  [   3] 32758689  Intra-Host Diversity and Phylogenetics Reveal the Ecology of Herp
  [   4] 32690703  Supplementary qPCR Data for "Expression of Genes Related to Bone 
  [   5] 32662623  <p>Overall Ct value summary.</p>
  [   6] 32575014  Table 1_First molecular detection of Theileria haneyi infection i
  [   7] 32531175  Processed-16S rRNA Gene Amplicon Sequencing, Physicochemical, and
  [   8] 32331870  Data Sheet 1_The predictive value of multi-phase contrast-enhance
  [   9] 32312469  Data Sheet 1_Neoadjuvant FinHer regimen in patients with HER2-pos
  [  10] 32312454  Table 1_Neoadjuvant FinHer regimen in patients with HER2-positive
  [  11] 32254272  Data_Sheet_1_A Real-Time PCR Assay for Detection of Low Pneumocys
  [  12] 32253714  <b>DATASET ON</b> <b>PREVALENCE, GENOTYPIC CHARACTERIZATION, AND 
  [  13] 32223070  <p>Primer sequences and protocol conditions for the PCR amplifica
  [  14] 32178342  <b>Standardization of PCR-RFLP for the molecular characterization
  [  15] 32126359  <p>PCR primers, protocols.</p>
  [  16] 28723730  16S rRNA gene sequencing from feedstock and biogas reactors fed m
  [  17] 31887601  Data Sheet 1_Isolation, identification and pathogenicity analysis
  [  18] 29459771  <b>Altered cognitive processes shape tactile perception in autism
  [  19] 31785100  Supplementary file 1_Systematic review on the laboratory methodol
  [  20] 31785070  Data Sheet 1_Systematic review on the laboratory methodology for 
  [  21] 31785091  Supplementary file 2_Systematic review on the laboratory methodol
  [  22] 31455097  Machine-learning guided discovery of emergent antimicrobial activ
  [  23] 31401217  <p>Raw data for the manuscript.</p>
  [  24] 31318971  <p>PCR protocols.</p>
  [  25] 31289743  Pre-Registered Observational Pilot Study
  [  26] 31286491  Andrographolide Suppresses Influenza A Virus-induced Pyroptosis v
  [  27] 31274056  Data Sheet 1_First 2-year experience of nationwide newborn screen
  [  28] 31274080  Table 1_First 2-year experience of nationwide newborn screening f
  [  29] 31230079  Data for Figure 3 - HGHJ medicated serum upregulates osteogenic g
  [  30] 31229749  Data for Figure 1 - HGHJ medicated serum enhances BMSC proliferat
  [  31] 31226137  Data Sheet 1_Clinical practice guideline for female fertility pre
  [  32] 31210654  Data Sheet 1_Meta-analysis of global prevalence of hepatitis E vi
  [  33] 31210129  Table 1_Nanopore-based amplicon sequencing for rapid detection an
  [  34] 31207822  Supplementary file 1_Platelet-to-C-reactive protein ratio stratif
  [  35] 31207840  Supplementary file 2_Platelet-to-C-reactive protein ratio stratif
  [  36] 31187797  Data Sheet 1_Unveiling a hidden threat: whole genome sequencing e
  [  37] 31144120  Gene expression datasets, clinical validation data, and analytica
  [  38] 31131091  Data Sheet 1_Periovulatory neurohormone dynamics reveal an associ
  [  39] 31131118  Data Sheet 2_Periovulatory neurohormone dynamics reveal an associ
  [  40] 31112884  Table 2_Therapeutic efficacy of dihydroartemisinin-piperaquine an
  [  41] 31112887  Table 1_Therapeutic efficacy of dihydroartemisinin-piperaquine an
  [  42] 31112872  Table 4_Therapeutic efficacy of dihydroartemisinin-piperaquine an
  [  43] 31112878  Table 3_Therapeutic efficacy of dihydroartemisinin-piperaquine an
  [  44] 31026112  <b>Computationally Validated CRISPR/Cas9-Mediated Genome Editing 
  [  45] 31007434  Supplementary Material for: Introduction of an optimized protocol
  [  46] 30967221  <p>Summary of vector study characteristics.</p>
  [  47] 30964836  <p>The qualitative data for the 38-plex assay.</p>
  [  48] 30646847  Human fecal 16S rRNA sequencing raw data
  [  49] 30877332  Comparison of purification protocols for effective large-primer r
  [  50] 30850202  Supplementary file 1_Comparison of digital PCR and real time PCR 
  [  51] 30797264  Table 1_Azacitidine as maintenance therapy in pediatric de novo a
  [  52] 30760850  <b>Five new species of </b><b>Hydnellum</b><b> (</b><b>Bankeracea
  [  53] 30761066  Data Sheet 1_StarTRAC-CYP2D6: a method for CYP2D6 allele-specific
  [  54] 30707594  Supplementary Data 1 from Liquid Biopsy of Cerebrospinal Fluid En
  [  55] 30707591  Supplementary Data 2 from Liquid Biopsy of Cerebrospinal Fluid En
  [  56] 30707588  Supplementary Data 3 from Liquid Biopsy of Cerebrospinal Fluid En
  [  57] 30675203  NEAT1/miR-181a-5p/HMGB1 Axis Regulates Macrophage Polarization an
  [  58] 30596762  Data Sheet 1_Is there any role for HBV pgRNA in fibrosis and HCC 
  [  59] 30539114  Supplementary file 1_HuangLian-4 alleviates myocardial ischemia-r
  [  60] 30455504  Data Sheet 1_The ATP-mediated cytokine release by macrophages is 
  [  61] 30417712  Table 1_A systematic review of clinical and diagnostic findings, 
  [  62] 30378416  Analysis overview.
  [  63] 28585943  Parallel elevational replacement of hosts and parasites in a high
  [  64] 30304189  Raw RNA-Seq Data from gut microbiota in the Kazakh population
  [  65] 30253915  Supplementary file 1_Promoting ethical and reproducible cell cult
  [  66] 30005716  Supporting data for: <b>Caspase-8 expression in CD8</b><sup><stro
  [  67] 30130341  Genetic diversity estimates for each locus in the two populations
  [  68] 30130338  Experimentally evaluated primers in a sample of 30 individuals fr
  [  69] 29891770  Emerging <i>Clostridioides difficile</i> strains belonging to PCR
  [  70] 30027094  Data Sheet 1_Multi-disease transcriptomic analysis of sex hormone
  [  71] 29995822  supplementary material 1.docx
  [  72] 29984950  Data Sheet 1_Forensic genetics for monitoring the illegal trade o
  [  73] 29957939  Supplementary file 1_Fatal yellow fever among captive non-human p
  [  74] 29917847  Supplementary file 2_A Benchmark of methods for SARS-CoV-2 whole 
  [  75] 29917856  Supplementary file 1_A Benchmark of methods for SARS-CoV-2 whole 
  [  76] 29917865  Table 1_A Benchmark of methods for SARS-CoV-2 whole genome sequen
  [  77] 29900498  Data Sheet 1_Analysis of the safety and efficacy of PD-1/PD-L1 in
  [  78] 29900309  Table 1_A protocol for organoids from the gynecomastia patients.d
  [  79] 29900300  Table 4_A protocol for organoids from the gynecomastia patients.x
  [  80] 29900303  Table 3_A protocol for organoids from the gynecomastia patients.x
  [  81] 29900306  Table 2_A protocol for organoids from the gynecomastia patients.x
  [  82] 29269859  Electronic Supplementary Materials
  [  83] 29831594  DNA sequences.
  [  84] 29822018  Supplementary file 1_Mapping total microbial communities and wate
  [  85] 29822021  Supplementary file 2_Mapping total microbial communities and wate
  [  86] 29822024  Supplementary file 3_Mapping total microbial communities and wate
  [  87] 29818418  Data Sheet 1_Rapid and sensitive detection of bovine Theileria an
  [  88] 29781797  Table 2_A multiplex targeted NGS panel for identifying pathogens 
  [  89] 29729396  Alternative DNA extraction protocols trialed.
  [  90] 29729360  Full uncropped multiqc report.
  [  91] 25562751  Templates for protocol for PCR amplification
  [  92] 28928894  <b>Optimizing Viable Bacteria Detection in Ballast Tank Sediments
  [  93] 29636774  Supplementary file 1_Causal inference study of PRRSV-MLV vaccine 
  [  94] 29627684  Table 1_The monitoring of emergent zoonotic pathogens in wild and
  [  95] 29588201  Table 1_Epidemiological characteristics of acute viral and mycopl
  [  96] 29575649  Primers and PCR conditions. List of primers and PCR protocol acco
  [  97] 29487440  Data Sheet 1_The prognostic power of major pathological response 
  [  98] 29435837  Table 1_Molecular traces of invasion: eDNA-based high-resolution 
  [  99] 29404377  The primer sequences of targeted genes.
  [ 100] 29400578  <b>Dietary diversity of the Amami rabbit endemic to insular everg
  [ 101] 29384252  UKHSA research team workshop.
  [ 102] 29384249  Participant research experience survey.
  [ 103] 29384243  Comparison of Pathways A, B, and C.
  [ 104] 29384231  Aggregate recruitment and testing data.
  [ 105] 29344006  Extracted data.
  [ 106] 29266196  Table 1_Real-world impact of COVID-19 vaccination, household expo
  [ 107] 29225696  Supplementary Material & Methods and Results & Discussion to Wort
  [ 108] 29220581  Table 1_Acute airway eosinophilic inflammation model in mice indu
  [ 109] 29193449  Data Sheet 1_Microbial community structure and resistome dynamics
  [ 110] 29151746  Data Sheet 2_Factors associated with ovine footrot lesions in Uru
  [ 111] 29151761  Data Sheet 1_Factors associated with ovine footrot lesions in Uru
  [ 112] 29139023  Summary of DNA yield and time to tag retrieval after the tag deta
  [ 113] 29139020  Summary of the samples used in the study and the results of the P
  [ 114] 29119256  DNA extraction from African savanna elephant (Loxodonta africana)
  [ 115] 29127989  <b>Small RNA Sequencing</b><b> </b><b>(Mouse Blood)</b>
  [ 116] 29126285  <b>Bulk RNA Sequencing</b><b> (Mouse Brain)</b>
  [ 117] 29126423  <b>Small RNA Sequencing</b><b> (Mouse Blood)</b>
  [ 118] 29125226  Table 1_A comprehensive guide to loop-mediated isothermal amplifi
  [ 119] 29125079  Table 2_A comprehensive guide to loop-mediated isothermal amplifi
  [ 120] 29061095  初始data.xlsx
  [ 121] 28977641  Table 1_Whole genome characterization of Torque teno sus virus 1 
  [ 122] 28975817  Table 2_Cervical EVT isolation for non-invasive fetal HLA typing 
  [ 123] 28975856  Table 1_Cervical EVT isolation for non-invasive fetal HLA typing 
  [ 124] 28947786  Raw data.
  [ 125] 28895160  Predictive modeling enabling antichlamydial discovery through vir
  [ 126] 28880384  Table 2_DNA metabarcoding unveils authenticity and adulteration i
  [ 127] 28880387  Table 1_DNA metabarcoding unveils authenticity and adulteration i
  [ 128] 28880354  Table 4_DNA metabarcoding unveils authenticity and adulteration i
  [ 129] 28880369  Table 3_DNA metabarcoding unveils authenticity and adulteration i
  [ 130] 28880333  Table 5_DNA metabarcoding unveils authenticity and adulteration i
  [ 131] 28880303  Table 7_DNA metabarcoding unveils authenticity and adulteration i
  [ 132] 28880312  Table 6_DNA metabarcoding unveils authenticity and adulteration i
  [ 133] 28880294  Table 8_DNA metabarcoding unveils authenticity and adulteration i
  [ 134] 28880282  Table 9_DNA metabarcoding unveils authenticity and adulteration i
  [ 135] 28859659  Antifungal susceptibility testing of yeast species against differ
  [ 136] 28859656  Summarized values of key (significant) findings of crosstab analy
  [ 137] 28859653  Accession numbers of different yeast spp. received from NCBI afte
  [ 138] 28859650  PCR-RFLP assay of different PCR amplified products of ITS regions
  [ 139] 28859647  PCR product sizes of different yeast species amplified using 03 d
  [ 140] 28859644  Yeasts species identified through PCR amplification and sequencin
  [ 141] 28859641  The sociodemographic and clinical characteristics of patients und
  [ 142] 28859638  Assessment of antifungal susceptibility as per standard guideline
  [ 143] 28859635  Primers designed for the identification of yeast species.
  [ 144] 28836872  Supplemental Material for Grossman <i>et al</i>., 2025
  [ 145] 28838039  Data Sheet 1_The emerging role of next-generation sequencing in m
  [ 146] 28827251  eDNA Metabarcoding of Mangrove Fish Assemblages in Siargao datase
  [ 147] 28806635  Original sequencing data
  [ 148] 28799033  Recommendations for antiparasitic treatment.
  [ 149] 28799030  Recommended doses of Benznidazole and Nifurtimox.
  [ 150] 28799027  Classification of chagasic colon disease.
  [ 151] 28799024  Classification of chagasic esophageal disease.
  [ 152] 28799021  Signs and symptoms of digestive involvement.
  [ 153] 28748096  Table 1_SARS-CoV-2 testing strategies for a safe (post-)pandemic 
  [ 154] 28695959  Detection and prevalence of Cryptosporidium in irrigation water, 
  [ 155] 28679024  Protocols for real-time quantitative PCR.
  [ 156] 28677017  Sequencing of cinnabar KO amplicons
  [ 157] 28628681  Details of samples used in this study.
  [ 158] 28628042  Compounds detected by GC-MS.
  [ 159] 28594850  Table 1_Prevalence of Cryptosporidium in La Trinidad, Benguet, Ph
  [ 160] 28521263  PMACS-95 (in paper)
  [ 161] 28526815  Typhoid seroincidence predicting ES positivity.
  [ 162] 28500489  Distribution of <i>S.</i> Typhi detections.
  [ 163] 28500486  Description of sampling sites.
  [ 164] 28494134  Data for the article pepin et al. (<b>Evaluation of parasitic con
  [ 165] 28491725  Data Sheet 1_Prolactin drives cortical neuron maturation and dend
  [ 166] 28474698  CpAls protein sequences.
  [ 167] 28474695  List of plasmids used in this study.
  [ 168] 28474692  List of oligonucleotides used in this study.
  [ 169] 28474689  List of strains used in this study.
  [ 170] 28456751  Table 1_Preliminary transcriptomic analyses reveal in vitro and i
  [ 171] 28456778  Data Sheet 1_Preliminary transcriptomic analyses reveal in vitro 
  [ 172] 28456724  Table 2_Preliminary transcriptomic analyses reveal in vitro and i
  [ 173] 28456700  Table 3_Preliminary transcriptomic analyses reveal in vitro and i
  [ 174] 28439393  Empirical evidence presenting qualitative comparisons among the l
  [ 175] 28439396  Empirical evidence presenting quantitative comparisons among the 
  [ 176] 28439390  Result of spectrophotometric analysis of the extracted DNA.
  [ 177] 28390250  Table 1_Epidemiological investigation of poultry infectious in Ka
  [ 178] 28385024  PCR Protocols Primers used for nested or traditional PCR on coyot
  [ 179] 28364265  Limit of detection dataset for PCR assays.
  [ 180] 28349921  Table 3_Application of a new highly multiplexed amplicon sequenci
  [ 181] 28349930  Data Sheet 1_Application of a new highly multiplexed amplicon seq
  [ 182] 28346167  RT-PCR running protocol.
  [ 183] 28341869  Table 1_Timing of congenital cytomegalovirus diagnosis and missed
  [ 184] 28341827  Table 2_Neoadjuvant chemotherapy combined with antiangiogenic the
  [ 185] 28341794  Table 1_Neoadjuvant chemotherapy combined with antiangiogenic the
  [ 186] 28273678  Summary of BALF samples PCR troubleshooting.
  [ 187] 28230859  A protocol for PPIseq barcode-sequencing PCR (mjtF—evoR2 priming 
  [ 188] 28060801  Molecular detection of <i>Chlamydia psittaci</i> in birds: a syst
  [ 189] 28139912  Data Sheet 1_Bees on the run: Nosema spp. (Microsporidia) in Apis
  [ 190] 28119024  Non-select statistical results.
  [ 191] 28119021  Selected statistical results.
  [ 192] 28119018  Results of qRT-PCR analysis of decontaminated pipette tips.
  [ 193] 28119015  <i>A</i>. <i>hydrophila</i> DNA extraction results.
  [ 194] 28119012  Primer validation for <i>A</i>. <i>hydrophila</i>.
  [ 195] 28119009  Collection of plated dilution factors for time points.
  [ 196] 28118964  Minimal data set for pipette decontamination.
  [ 197] 28096463  <i>In silico</i> analyses of the tested primer pairs.
  [ 198] 28096451  Number of reads counted for each Operative Taxonomic Units (OTUs)
  [ 199] 28096448  “<i>Ca</i>. Saccharibacteria” quantification data by qPCR and 16S
  [ 200] 28096445  Cured dataset of 114 “Ca.
  [ 201] 28031264  Optimized for routine: highly sensitive fluorescent Telomeric Rep
  [ 202] 28007789  16S rRNA sequencing raw data from a thermophilic trickle bed reac
  [ 203] 27939441  Data Sheet 2_Adaptable and comprehensive approaches for long-read
  [ 204] 27939444  Data Sheet 1_Adaptable and comprehensive approaches for long-read
  [ 205] 27926163  Table 2_Improved influenza A whole-genome sequencing protocol.pdf
  [ 206] 27926166  Table 1_Improved influenza A whole-genome sequencing protocol.pdf
  [ 207] 27903994  Management delivered to both groups during the 2019 outbreak.
  [ 208] 27903991  Comparison of hematological and biochemical characteristics betwe
  [ 209] 27903985  Clinical presentations and outcome of dengue cases.
  [ 210] 27903982  Demographic profile and risk factors of dengue cases.
  [ 211] 27861744  Dataset and script for "<b>Development of an environmental and fe
  [ 212] 27851865  Table 1_On the diversity, phylogeny and biogeography of cable bac
  [ 213] 27851856  Table 2_On the diversity, phylogeny and biogeography of cable bac
  Error: 403 Client Error: Forbidden for url: https://api.figshare.com/v2/articles/search

Keyword: 'PCR protocol'  type=6
  Error: 403 Client Error: Forbidden for url: https://api.figshare.com/v2/articles/search

Keyword: 'PCR protocol'  type=7
  Error: 403 Client Error: Forbidden for url: https://api.figshare.com/v2/articles/search

Keyword: 'western blot protocol'  type=3
  Error: 403 Client Error: Forbidden for url: https://api.figshare.com/v2/articles/search

Keyword: 'western blot protocol'  type=6
  Error: 403 Client Error: Forbidden for url: https://api.figshare.com/v2/articles/search

Keyword: 'western blot protocol'  type=7
  Error: 403 Client Error: Forbidden for url: https://api.figshare.com/v2/articles/search

Keyword: 'RNA extraction'  type=3
  Error: 403 Client Error: Forbidden for url: https://api.figshare.com/v2/articles/search

Keyword: 'RNA extraction'  type=6
  Error: 403 Client Error: Forbidden for url: https://api.figshare.com/v2/articles/search

Keyword: 'RNA extraction'  type=7
  Error: 403 Client Error: Forbidden for url: https://api.figshare.com/v2/articles/search

Keyword: 'cell culture protocol'  type=3
  Error: 403 Client Error: Forbidden for url: https://api.figshare.com/v2/articles/search

Keyword: 'cell culture protocol'  type=6
  Error: 403 Client Error: Forbidden for url: https://api.figshare.com/v2/articles/search

Keyword: 'cell culture protocol'  type=7
  Error: 403 Client Error: Forbidden for url: https://api.figshare.com/v2/articles/search

Keyword: 'ELISA assay protocol'  type=3
  Error: 403 Client Error: Forbidden for url: https://api.figshare.com/v2/articles/search

Keyword: 'ELISA assay protocol'  type=6
  Error: 403 Client Error: Forbidden for url: https://api.figshare.com/v2/articles/search

Keyword: 'ELISA assay protocol'  type=7
  Error: 403 Client Error: Forbidden for url: https://api.figshare.com/v2/articles/search

Keyword: 'immunofluorescence protocol'  type=3
  Error: 403 Client Error: Forbidden for url: https://api.figshare.com/v2/articles/search

Keyword: 'immunofluorescence protocol'  type=6
  Error: 403 Client Error: Forbidden for url: https://api.figshare.com/v2/articles/search

Keyword: 'immunofluorescence protocol'  type=7
  Error: 403 Client Error: Forbidden for url: https://api.figshare.com/v2/articles/search

Keyword: 'flow cytometry staining'  type=3
  Error: 403 Client Error: Forbidden for url: https://api.figshare.com/v2/articles/search

Keyword: 'flow cytometry staining'  type=6
  Error: 403 Client Error: Forbidden for url: https://api.figshare.com/v2/articles/search

Keyword: 'flow cytometry staining'  type=7
  Error: 403 Client Error: Forbidden for url: https://api.figshare.com/v2/articles/search

Keyword: 'CRISPR transfection protocol'  type=3
  Error: 403 Client Error: Forbidden for url: https://api.figshare.com/v2/articles/search

Keyword: 'CRISPR transfection protocol'  type=6
  Error: 403 Client Error: Forbidden for url: https://api.figshare.com/v2/articles/search

Keyword: 'CRISPR transfection protocol'  type=7
  Error: 403 Client Error: Forbidden for url: https://api.figshare.com/v2/articles/search

Keyword: 'gel electrophoresis protocol'  type=3
  Error: 403 Client Error: Forbidden for url: https://api.figshare.com/v2/articles/search

Keyword: 'gel electrophoresis protocol'  type=6
  Error: 403 Client Error: Forbidden for url: https://api.figshare.com/v2/articles/search

Keyword: 'gel electrophoresis protocol'  type=7
  Error: 403 Client Error: Forbidden for url: https://api.figshare.com/v2/articles/search

Keyword: 'protein purification procedure'  type=3
  Error: 403 Client Error: Forbidden for url: https://api.figshare.com/v2/articles/search

Keyword: 'protein purification procedure'  type=6
  Error: 403 Client Error: Forbidden for url: https://api.figshare.com/v2/articles/search

Keyword: 'protein purification procedure'  type=7
  Error: 403 Client Error: Forbidden for url: https://api.figshare.com/v2/articles/search

Keyword: 'DNA extraction protocol'  type=3
  Error: 403 Client Error: Forbidden for url: https://api.figshare.com/v2/articles/search

Keyword: 'DNA extraction protocol'  type=6
  Error: 403 Client Error: Forbidden for url: https://api.figshare.com/v2/articles/search

Keyword: 'DNA extraction protocol'  type=7
  Error: 403 Client Error: Forbidden for url: https://api.figshare.com/v2/articles/search

Keyword: 'qPCR protocol steps'  type=3
  Error: 403 Client Error: Forbidden for url: https://api.figshare.com/v2/articles/search

Keyword: 'qPCR protocol steps'  type=6
  Error: 403 Client Error: Forbidden for url: https://api.figshare.com/v2/articles/search

Keyword: 'qPCR protocol steps'  type=7
  Error: 403 Client Error: Forbidden for url: https://api.figshare.com/v2/articles/search

Keyword: 'bacterial transformation protocol'  type=3
  Error: 403 Client Error: Forbidden for url: https://api.figshare.com/v2/articles/search

Keyword: 'bacterial transformation protocol'  type=6
  Error: 403 Client Error: Forbidden for url: https://api.figshare.com/v2/articles/search

Keyword: 'bacterial transformation protocol'  type=7
  Error: 403 Client Error: Forbidden for url: https://api.figshare.com/v2/articles/search

Keyword: 'cloning protocol'  type=3
  Error: 403 Client Error: Forbidden for url: https://api.figshare.com/v2/articles/search

Keyword: 'cloning protocol'  type=6
  Error: 403 Client Error: Forbidden for url: https://api.figshare.com/v2/articles/search

Keyword: 'cloning protocol'  type=7
  Error: 403 Client Error: Forbidden for url: https://api.figshare.com/v2/articles/search

Keyword: 'microscopy imaging protocol'  type=3
  Error: 403 Client Error: Forbidden for url: https://api.figshare.com/v2/articles/search

Keyword: 'microscopy imaging protocol'  type=6
  Error: 403 Client Error: Forbidden for url: https://api.figshare.com/v2/articles/search

Keyword: 'microscopy imaging protocol'  type=7
  Error: 403 Client Error: Forbidden for url: https://api.figshare.com/v2/articles/search

Done. New records saved: 213
Total in raw dir:  213
