  [methodsx] PMC10820260: 6 images
  [star_protocols] PMC8219886: 10 images
  [methodsx] PMC10480302: 7 images
  [methodsx] PMC13231014: 3 images
  [methodsx] PMC6812336: 33 images
  [methodsx] PMC8563843: 4 images
  [star_protocols] PMC10244883: 9 images
  [star_protocols] PMC11470631: 12 images
  [star_protocols] PMC12491511: 8 images
  [methodsx] PMC12284574: 9 images
  [methodsx] PMC12455059: 7 images
  [methodsx] PMC6396096: 4 images
  [methodsx] PMC6134329: 5 images
  [methodsx] PMC7327839: 9 images
  [methodsx] PMC8720911: 5 images
  [methodsx] PMC8980346: 13 images
  [star_protocols] PMC11408314: 7 images
  [methodsx] PMC7509465: 4 images
  [star_protocols] PMC8666358: 8 images
  [methodsx] PMC9233264: 1 images
  [methodsx] PMC8867959: 3 images
  [star_protocols] PMC11364017: 14 images
  [methodsx] PMC7772789: 4 images
  [methodsx] PMC9036126: 17 images
  [star_protocols] PMC9510067: 8 images
  [methodsx] PMC10823125: 3 images
  [methodsx] PMC10809112: 12 images
  [methodsx] PMC8374644: 12 images
  [methodsx] PMC10765058: 5 images
  [methodsx] PMC12255363: 7 images
  [methodsx] PMC13251204: 7 images
  [methodsx] PMC9014380: 9 images
  [methodsx] PMC11999632: 8 images
  [star_protocols] PMC8390364: 7 images
  [methodsx] PMC10907200: 5 images
  [methodsx] PMC8669317: 3 images
  [methodsx] PMC10577049: 6 images
  [methodsx] PMC7168760: 3 images
  [methodsx] PMC13068624: 5 images
  [methodsx] PMC12549714: 9 images
  [methodsx] PMC12305597: 6 images
  [methodsx] PMC10133751: 11 images
  [star_protocols] PMC11653140: 7 images
  [methodsx] PMC8688886: 5 images
  [methodsx] PMC10336785: 5 images
  [methodsx] PMC13068592: 3 images
  [methodsx] PMC11016787: 4 images
  [methodsx] PMC8374280: 4 images
  [methodsx] PMC9018163: 22 images
  [current_protocols] PMC13270420: 2 images
  [methodsx] PMC12720297: 8 images
  [methodsx] PMC10594556: 4 images
  [star_protocols] PMC10630677: 8 images
  [methodsx] PMC11904559: 9 images
  [methodsx] PMC6197700: 7 images
  [methodsx] PMC12808513: 1 images
  [methodsx] PMC9772546: 2 images
  [methodsx] PMC12356402: 17 images
  [methodsx] PMC4929269: 5 images
  [methodsx] PMC8965151: 12 images
  [methodsx] PMC6812352: 5 images
  [star_protocols] PMC9356208: 9 images
  [methodsx] PMC7225395: 11 images
  [methodsx] PMC8178958: 8 images
  [methodsx] PMC9646964: 4 images
  [methodsx] PMC9018161: 11 images
  [methodsx] PMC8374288: 4 images
  [methodsx] PMC12550577: 5 images
  [methodsx] PMC11298650: 1 images
  [methodsx] PMC8374676: 9 images
  [methodsx] PMC8917310: 9 images
  [star_protocols] PMC10511866: 9 images
  [pubmed_central] PMC13147993: 6 images
  [pubmed_central] PMC13156697: 2 images
  [pubmed_central] PMC13130450: 1 images
  [pubmed_central] PMC13138051: 12 images
  [pubmed_central] PMC13130140: 1 images
  [pubmed_central] PMC13136701: 19 images
  [pubmed_central] PMC13142104: 5 images
  [pubmed_central] PMC13049416: 1 images
  [pubmed_central] PMC13129426: 4 images
  [pubmed_central] PMC13141704: 5 images
  [pubmed_central] PMC13125987: 3 images
  [pubmed_central] PMC13157062: 4 images
  [pubmed_central] PMC13143095: 1 images
  [pubmed_central] PMC13127207: 5 images

Fetched media for 86 protocols.
No OA package / no images found for 4.
Already had media (skipped): 508
