  [figshare] fetched=20 processed=23
  [figshare] fetched=40 processed=44
  [figshare] fetched=60 processed=65
  [figshare] fetched=20 processed=31
  [figshare] fetched=40 processed=54
Traceback (most recent call last):
  File "/home/itsgurmailsingh/Documents/Labi_Ecosystem/labi-protocols/scripts/fetch_zenodo_figshare_files.py", line 166, in <module>
    main()
    ~~~~^^
  File "/home/itsgurmailsingh/Documents/Labi_Ecosystem/labi-protocols/scripts/fetch_zenodo_figshare_files.py", line 143, in main
    entry = download(rf["url"], MEDIA_DIR / args.source / record_id, rf["name"], media_type)
  File "/home/itsgurmailsingh/Documents/Labi_Ecosystem/labi-protocols/scripts/fetch_zenodo_figshare_files.py", line 94, in download
    out_path.write_bytes(data)
    ~~~~~~~~~~~~~~~~~~~~^^^^^^
  File "/home/itsgurmailsingh/miniconda3/lib/python3.13/pathlib/_abc.py", line 641, in write_bytes
    with self.open(mode='wb') as f:
         ~~~~~~~~~^^^^^^^^^^^
  File "/home/itsgurmailsingh/miniconda3/lib/python3.13/pathlib/_local.py", line 537, in open
    return io.open(self, mode, buffering, encoding, errors, newline)
           ~~~~~~~^^^^^^^^^^^^^^^^^^^^^^^^^^^^^^^^^^^^^^^^^^^^^^^^^^
FileNotFoundError: [Errno 2] No such file or directory: 'data/media/figshare/29818418/Data Sheet 1_Rapid and sensitive detection of bovine Theileria annulata parasite based on ERA-CRISPR/Cas12a technology.docx'
