Ignoring wrong pointing object 8 0 (offset 0)
Ignoring wrong pointing object 10 0 (offset 0)
Ignoring wrong pointing object 12 0 (offset 0)
Ignoring wrong pointing object 20 0 (offset 0)
Ignoring wrong pointing object 42 0 (offset 0)
Ignoring wrong pointing object 49 0 (offset 0)
Ignoring wrong pointing object 8 0 (offset 0)
Ignoring wrong pointing object 10 0 (offset 0)
Ignoring wrong pointing object 12 0 (offset 0)
Ignoring wrong pointing object 8 0 (offset 0)
Ignoring wrong pointing object 10 0 (offset 0)
Ignoring wrong pointing object 12 0 (offset 0)
Ignoring wrong pointing object 8 0 (offset 0)
Ignoring wrong pointing object 10 0 (offset 0)
Ignoring wrong pointing object 12 0 (offset 0)
Ignoring wrong pointing object 14 0 (offset 0)
Ignoring wrong pointing object 38 0 (offset 0)
Ignoring wrong pointing object 183 0 (offset 0)
Ignoring wrong pointing object 8 0 (offset 0)
Ignoring wrong pointing object 8 0 (offset 0)
Ignoring wrong pointing object 10 0 (offset 0)
Ignoring wrong pointing object 12 0 (offset 0)
Ignoring wrong pointing object 14 0 (offset 0)
Ignoring wrong pointing object 16 0 (offset 0)
Ignoring wrong pointing object 18 0 (offset 0)
Ignoring wrong pointing object 20 0 (offset 0)
Ignoring wrong pointing object 22 0 (offset 0)
Ignoring wrong pointing object 52 0 (offset 0)
Ignoring wrong pointing object 54 0 (offset 0)
Ignoring wrong pointing object 60 0 (offset 0)
Ignoring wrong pointing object 62 0 (offset 0)
Ignoring wrong pointing object 64 0 (offset 0)
Ignoring wrong pointing object 66 0 (offset 0)
Ignoring wrong pointing object 68 0 (offset 0)
Ignoring wrong pointing object 8 0 (offset 0)
Ignoring wrong pointing object 10 0 (offset 0)
Ignoring wrong pointing object 6 0 (offset 0)
Ignoring wrong pointing object 8 0 (offset 0)
Ignoring wrong pointing object 10 0 (offset 0)
Ignoring wrong pointing object 12 0 (offset 0)
Ignoring wrong pointing object 15 0 (offset 0)
Ignoring wrong pointing object 18 0 (offset 0)
Ignoring wrong pointing object 6 0 (offset 0)
Ignoring wrong pointing object 8 0 (offset 0)
Ignoring wrong pointing object 10 0 (offset 0)
Ignoring wrong pointing object 8 0 (offset 0)
Ignoring wrong pointing object 10 0 (offset 0)
Ignoring wrong pointing object 12 0 (offset 0)
Ignoring wrong pointing object 14 0 (offset 0)
Ignoring wrong pointing object 16 0 (offset 0)
Ignoring wrong pointing object 18 0 (offset 0)
Ignoring wrong pointing object 20 0 (offset 0)
Ignoring wrong pointing object 22 0 (offset 0)
Ignoring wrong pointing object 14 0 (offset 0)
Ignoring wrong pointing object 16 0 (offset 0)
Ignoring wrong pointing object 18 0 (offset 0)
Ignoring wrong pointing object 20 0 (offset 0)
Ignoring wrong pointing object 23 0 (offset 0)
Ignoring wrong pointing object 25 0 (offset 0)
Ignoring wrong pointing object 81 0 (offset 0)
Ignoring wrong pointing object 9 0 (offset 0)
Ignoring wrong pointing object 11 0 (offset 0)
Ignoring wrong pointing object 13 0 (offset 0)
Ignoring wrong pointing object 15 0 (offset 0)
Zero-step protocols_io records to check: 767
  [RECOVERED] patch-seq-recording-and-extraction-bepyjdpw: 170 steps from document
  [RECOVERED] rab29-fast-exchange-mutants-characterization-of-a-bffrjjm6: 9 steps from document
  [RECOVERED] tutorial-for-matlab-functions-for-chicken-behavior-bcacisaw: 10 steps from document
  [RECOVERED] protocol-comparative-efficacy-of-sedation-or-analg-bzmnp45e: 11 steps from document
  [RECOVERED] protocol-for-evaluation-of-normal-hearing-criteria-wsvfee6: 2 steps from document
  [RECOVERED] evaluating-a-community-driven-cervical-cancer-prev-6s5heg6: 309 steps from document
  [RECOVERED] mulheres-na-pra-a-sa-de-de-gra-a-relato-de-experi-bay4ifyw: 15 steps from document
  [RECOVERED] tissuecyte-installation-and-alignment-guide-ber2jd8e: 123 steps from document
  [RECOVERED] determinants-of-selective-reporting-protocol-for-a-jz3cp8n: 120 steps from document
  [RECOVERED] telerehabilitation-in-patients-with-respiratory-tr-bf6wjrfe: 8 steps from document
  [RECOVERED] a-single-cell-rna-sequencing-protocol-for-the-pig-bgdmjs46: 21 steps from document
  [RECOVERED] study-protocols-in-english-urvev66: 2 steps from document
  [RECOVERED] species-richness-of-eurasian-zephyrus-hairstreaks-jr2cm8e: 12 steps from document
  [RECOVERED] bioinformatics-a-rational-combine-approach-used-fo-q6pdzdn: 9 steps from document
    [EXTRACT ERROR] EQ0063_Maintenance_of_TissueCyte_System.docx: "no relationship of type 'http://schemas.openxmlformats.org/officeDocument/2006/relationships/officeDocument' in collection"
  [RECOVERED] cambridge-fetal-thymus-dissociation-wedfba6: 32 steps from document
  [RECOVERED] criteria-to-evaluate-neurogenic-bladder-in-patient-k5vcy66: 66 steps from document
  [RECOVERED] untitled-protocol-rdmd246: 4 steps from document
  [RECOVERED] zwek-alloy-fabrication-procedure-iepcbdn: 2 steps from document
  [RECOVERED] mcm-chromatin-flow-cytometry-for-cell-cycle-bba8iihw: 77 steps from document
  [RECOVERED] nextera-xt-at-0-2x-on-the-mantis-hfvzb3n77: 25 steps from document
  [RECOVERED] pulling-pipettes-using-the-dmz-zeitz-universal-bepzjdp6: 74 steps from document
  [RECOVERED] socio-demographic-and-lifestyle-influences-on-fall-zwyf7fw: 271 steps from document
  [RECOVERED] italian-set-up-of-the-program-resilience-and-activ-bcqjivun: 21 steps from document
  [RECOVERED] laboratory-protocol-for-bacteriological-and-physic-bpc7mizn: 5 steps from document
  [RECOVERED] slice-preparation-with-tissue-dissociation-mouse-p-bq6wmzfe: 289 steps from document
  [RECOVERED] stp-imaging-protocol-sqcedsw: 13 steps from document
  [RECOVERED] patient-centered-education-bundle-on-administratio-9u3h6yn: 8 steps from document
  [RECOVERED] nasal-carriage-rate-and-antibiotic-susceptibility-jfbcjin: 42 steps from document
  [RECOVERED] helserelatert-livskvalitet-og-erfaringar-fr-aring-sm2ec8e: 5 steps from document
  [RECOVERED] brain-dissection-of-post-natal-mice-ham5b2c87: 19 steps from document
  [RECOVERED] coulter-method-for-the-detection-of-physiological-6wehfbe: 97 steps from document
  [RECOVERED] cd200-and-cd200r-levels-in-psoriasis-patients-6zihf4e: 16 steps from document
  [RECOVERED] immunohistochemical-expression-of-claudin-1-amp-cl-t4seqwe: 70 steps from document
    [ERROR] https://content.protocols.io/bapq37r6.docx: 403 Client Error: Forbidden for url: https://content.protocols.io/bapq37r6.docx
  [RECOVERED] image-western-blots-for-quantitative-immunoblottin-jwscpee: 2 steps from document
  [RECOVERED] start-or-stop-anticoagulants-randomised-trial-sost-bcw4ixgw: 66 steps from document
  [RECOVERED] method-for-creating-a-tissue-microarray-capable-sl-bbitiken: 32 steps from document
  [RECOVERED] qiime-2-workflow-longitudinal-study-ucpesvn: 6 steps from document
  [RECOVERED] linguistic-signaling-emojis-and-skin-tone-in-trust-bf54jq8w: 2 steps from document
  [RECOVERED] the-impact-of-patient-ventilator-asynchrony-in-adu-bsqtndwn: 8 steps from document
  [RECOVERED] reverse-transcriptase-pcr-tpsemne: 147 steps from document
  [RECOVERED] smarterv4-0-5x-amplification-for-single-cell-or-si-d7vx9n7n: 332 steps from document
  [RECOVERED] measuring-stigma-for-key-populations-protocol-for-ka6cshe: 30 steps from document
  [RECOVERED] cold-leaching-extraction-a-new-methodology-for-obt-bhs3j6gn: 4 steps from document
  [RECOVERED] dna-extraction-campylobacter-wzbff2n: 16 steps from document
  [RECOVERED] tissuecyte-troubleshooting-guide-beryjd7w: 100 steps from document
  [RECOVERED] carbon-and-nitrogen-stable-isotope-analysis-in-har-2m3gc8n: 6 steps from document
  [RECOVERED] admission-for-substance-induced-disorders-in-refug-53fg8jn: 13 steps from document
  [RECOVERED] the-effectiveness-of-high-intensity-exercise-thera-bucinsue: 8 steps from document
  [RECOVERED] flow-cytometry-assay-and-cell-staining-protocol-jtpcnmn: 70 steps from document
  [RECOVERED] phenol-chloroform-environmental-dna-edna-extractio-dsga6bse: 3 steps from document
  [RECOVERED] handling-of-genomics-samples-qwfdxbn: 20 steps from document
  [RECOVERED] punch-incision-versus-elliptical-excision-for-epid-brgvm3w6: 12 steps from document
  [RECOVERED] pbs-with-0-1-sodium-azide-ddr8259w: 8 steps from document
  [RECOVERED] dab-detection-of-biocytin-labeled-tissue-ddsv26e6: 233 steps from document
  [RECOVERED] body-composition-assessment-and-sarcopenia-in-pati-bwgqpbvw: 20 steps from document
  [RECOVERED] metastatic-tumors-to-the-jaw-a-retrospective-cross-64xhgxn: 3 steps from document
  [RECOVERED] diagnosis-and-treatment-of-plasmablastic-lymphoma-beyzjfx6: 17 steps from document
  [RECOVERED] dab-solutions-bgndjva6: 120 steps from document
  [RECOVERED] associations-between-three-xrcc1-polymorphisms-and-sqwedxe: 251 steps from document
  [RECOVERED] broad-adsorption-of-sepsis-related-pamp-and-damp-m-kurcwv6: 149 steps from document
  [RECOVERED] presence-and-function-of-stress-granules-in-atrial-sqvedw6: 87 steps from document
  [RECOVERED] evaluation-of-elasticity-of-the-pancreas-by-acoust-bu6anzae: 130 steps from document
  [RECOVERED] protocol-for-multiplex-6-plex-measurement-of-anti-jf2cjqe: 56 steps from document
  [RECOVERED] s1file-fullquestionnaire-uj3euqn: 5 steps from document
  [RECOVERED] site-directed-mutagenesis-behgjb3w: 3 steps from document
  [RECOVERED] Purification-of-viruses-via-CsCl-gradient-and-ultr-d9k94v: 26 steps from document
  [RECOVERED] 2ndline-sh-and-vl-749hqz6: 8 steps from document
  [RECOVERED] cgas-enzymatic-assay-cgamp-fluorescence-polarizati-jaycifw: 21 steps from document
  [RECOVERED] Virus-nucleic-acids-extractions-from-0-02-m-anotop-d9m945: 38 steps from document
  [RECOVERED] acropra-dna-extraction-with-qiagen-dnaease-tissue-bcwuixew: 16 steps from document
  [RECOVERED] fresh-4-paraformaldehyde-in-pbs-ddr4258w: 52 steps from document
  [RECOVERED] diagnostic-accuracy-of-pelvic-imaging-for-acute-pe-bvsdn6a6: 16 steps from document
  [RECOVERED] food4gut-multicenter-randomized-placebo-controlled-baidica6: 116 steps from document
  [RECOVERED] patch-seq-recording-and-extraction-detailed-protoc-bw6gphbw: 296 steps from document
  [RECOVERED] experimental-test-of-the-intrinsic-dimensionality-sw3efgn: 11 steps from document
  [RECOVERED] dental-emergency-scoping-review-protocol-8nshvee: 9 steps from document
    [ERROR] https://protocols-files.s3.amazonaws.com/private/8bfc3efb51d23db442cdfbf39ca03705adf735270fa8291ffc1ba5efe01b0f55/buknbaiux.doc?X-Amz-Algorithm=AWS4-HMAC-SHA256&X-Amz-Credential=AKIAWFTFYUBUZ2U2JGOS%2F20260619%2Fus-east-1%2Fs3%2Faws4_request&X-Amz-Date=20260619T213325Z&X-Amz-Expires=604800&X-Amz-SignedHeaders=host&X-Amz-Signature=912568d48c7a33a0f12f302d3c48ea836efe9ab98f78506d022ab5b5931ea6c2: 403 Client Error: Forbidden for url: https://protocols-files.s3.amazonaws.com/private/8bfc3efb51d23db442cdfbf39ca03705adf735270fa8291ffc1ba5efe01b0f55/buknbaiux.doc?X-Amz-Algorithm=AWS4-HMAC-SHA256&X-Amz-Credential=AKIAWFTFYUBUZ2U2JGOS%2F20260619%2Fus-east-1%2Fs3%2Faws4_request&X-Amz-Date=20260619T213325Z&X-Amz-Expires=604800&X-Amz-SignedHeaders=host&X-Amz-Signature=912568d48c7a33a0f12f302d3c48ea836efe9ab98f78506d022ab5b5931ea6c2
    [ERROR] https://protocols-files.s3.amazonaws.com/private/8bfc3efb51d23db442cdfbf39ca03705adf735270fa8291ffc1ba5efe01b0f55/bukpbaiux.docx?X-Amz-Algorithm=AWS4-HMAC-SHA256&X-Amz-Credential=AKIAWFTFYUBUZ2U2JGOS%2F20260619%2Fus-east-1%2Fs3%2Faws4_request&X-Amz-Date=20260619T213325Z&X-Amz-Expires=604800&X-Amz-SignedHeaders=host&X-Amz-Signature=bde5ea85a880e0bf6fbe5b4303d0489fa80ff846a0a77f5fa91175588331b983: 403 Client Error: Forbidden for url: https://protocols-files.s3.amazonaws.com/private/8bfc3efb51d23db442cdfbf39ca03705adf735270fa8291ffc1ba5efe01b0f55/bukpbaiux.docx?X-Amz-Algorithm=AWS4-HMAC-SHA256&X-Amz-Credential=AKIAWFTFYUBUZ2U2JGOS%2F20260619%2Fus-east-1%2Fs3%2Faws4_request&X-Amz-Date=20260619T213325Z&X-Amz-Expires=604800&X-Amz-SignedHeaders=host&X-Amz-Signature=bde5ea85a880e0bf6fbe5b4303d0489fa80ff846a0a77f5fa91175588331b983Ignoring wrong pointing object 147 0 (offset 0)
parsing for Object Streams
Ignoring wrong pointing object 9 0 (offset 0)
Ignoring wrong pointing object 19 0 (offset 0)
Ignoring wrong pointing object 30 0 (offset 0)
Ignoring wrong pointing object 8 0 (offset 0)
Ignoring wrong pointing object 10 0 (offset 0)
Ignoring wrong pointing object 12 0 (offset 0)
Ignoring wrong pointing object 14 0 (offset 0)
Ignoring wrong pointing object 24 0 (offset 0)
Ignoring wrong pointing object 30 0 (offset 0)
Ignoring wrong pointing object 36 0 (offset 0)
Ignoring wrong pointing object 46 0 (offset 0)
Ignoring wrong pointing object 52 0 (offset 0)
Ignoring wrong pointing object 8 0 (offset 0)
Ignoring wrong pointing object 10 0 (offset 0)
Ignoring wrong pointing object 12 0 (offset 0)
Ignoring wrong pointing object 35 0 (offset 0)
Ignoring wrong pointing object 6 0 (offset 0)
Ignoring wrong pointing object 8 0 (offset 0)
Ignoring wrong pointing object 20 0 (offset 0)
Ignoring wrong pointing object 25 0 (offset 0)
Ignoring wrong pointing object 54 0 (offset 0)
Ignoring wrong pointing object 56 0 (offset 0)
Ignoring wrong pointing object 8 0 (offset 0)
Ignoring wrong pointing object 10 0 (offset 0)
Ignoring wrong pointing object 14 0 (offset 0)
Ignoring wrong pointing object 6 0 (offset 0)
Ignoring wrong pointing object 8 0 (offset 0)
Ignoring wrong pointing object 10 0 (offset 0)
Ignoring wrong pointing object 12 0 (offset 0)
Ignoring wrong pointing object 14 0 (offset 0)
Ignoring wrong pointing object 16 0 (offset 0)
Ignoring wrong pointing object 9 0 (offset 0)
Ignoring wrong pointing object 11 0 (offset 0)
Ignoring wrong pointing object 13 0 (offset 0)
Ignoring wrong pointing object 15 0 (offset 0)
Ignoring wrong pointing object 34 0 (offset 0)
Ignoring wrong pointing object 37 0 (offset 0)
Ignoring wrong pointing object 48 0 (offset 0)
Ignoring wrong pointing object 62 0 (offset 0)
Ignoring wrong pointing object 9 0 (offset 0)
Ignoring wrong pointing object 11 0 (offset 0)
Ignoring wrong pointing object 13 0 (offset 0)
Ignoring wrong pointing object 32 0 (offset 0)
Ignoring wrong pointing object 8 0 (offset 0)
Ignoring wrong pointing object 10 0 (offset 0)
Ignoring wrong pointing object 12 0 (offset 0)
Ignoring wrong pointing object 14 0 (offset 0)
Ignoring wrong pointing object 16 0 (offset 0)
Ignoring wrong pointing object 18 0 (offset 0)
Ignoring wrong pointing object 26 0 (offset 0)
Ignoring wrong pointing object 28 0 (offset 0)
Ignoring wrong pointing object 30 0 (offset 0)
Ignoring wrong pointing object 32 0 (offset 0)
Ignoring wrong pointing object 34 0 (offset 0)
Ignoring wrong pointing object 36 0 (offset 0)
Ignoring wrong pointing object 43 0 (offset 0)
Ignoring wrong pointing object 45 0 (offset 0)
Ignoring wrong pointing object 47 0 (offset 0)
Ignoring wrong pointing object 49 0 (offset 0)
Ignoring wrong pointing object 51 0 (offset 0)
Ignoring wrong pointing object 53 0 (offset 0)
Ignoring wrong pointing object 59 0 (offset 0)
Ignoring wrong pointing object 62 0 (offset 0)
Ignoring wrong pointing object 68 0 (offset 0)
Ignoring wrong pointing object 70 0 (offset 0)
Ignoring wrong pointing object 73 0 (offset 0)
Ignoring wrong pointing object 75 0 (offset 0)
Ignoring wrong pointing object 85 0 (offset 0)
Ignoring wrong pointing object 96 0 (offset 0)
Ignoring wrong pointing object 102 0 (offset 0)
Ignoring wrong pointing object 108 0 (offset 0)
Ignoring wrong pointing object 114 0 (offset 0)
Ignoring wrong pointing object 116 0 (offset 0)
Ignoring wrong pointing object 126 0 (offset 0)
Ignoring wrong pointing object 128 0 (offset 0)
Ignoring wrong pointing object 130 0 (offset 0)
Ignoring wrong pointing object 132 0 (offset 0)
Ignoring wrong pointing object 138 0 (offset 0)
Ignoring wrong pointing object 149 0 (offset 0)
Ignoring wrong pointing object 151 0 (offset 0)
Ignoring wrong pointing object 153 0 (offset 0)
Ignoring wrong pointing object 159 0 (offset 0)
Ignoring wrong pointing object 161 0 (offset 0)
Ignoring wrong pointing object 163 0 (offset 0)
Ignoring wrong pointing object 165 0 (offset 0)
Ignoring wrong pointing object 167 0 (offset 0)
Ignoring wrong pointing object 211 0 (offset 0)
Ignoring wrong pointing object 223 0 (offset 0)
Ignoring wrong pointing object 227 0 (offset 0)
Ignoring wrong pointing object 290 0 (offset 0)
Ignoring wrong pointing object 304 0 (offset 0)
Ignoring wrong pointing object 328 0 (offset 0)
Ignoring wrong pointing object 387 0 (offset 0)
Ignoring wrong pointing object 402 0 (offset 0)
Ignoring wrong pointing object 404 0 (offset 0)
Ignoring wrong pointing object 410 0 (offset 0)
Ignoring wrong pointing object 420 0 (offset 0)
Ignoring wrong pointing object 422 0 (offset 0)
Ignoring wrong pointing object 424 0 (offset 0)
Ignoring wrong pointing object 426 0 (offset 0)
Ignoring wrong pointing object 430 0 (offset 0)
Ignoring wrong pointing object 432 0 (offset 0)
Ignoring wrong pointing object 434 0 (offset 0)
Ignoring wrong pointing object 438 0 (offset 0)
Ignoring wrong pointing object 440 0 (offset 0)
Ignoring wrong pointing object 442 0 (offset 0)
Ignoring wrong pointing object 444 0 (offset 0)
Ignoring wrong pointing object 504 0 (offset 0)
Ignoring wrong pointing object 510 0 (offset 0)
Ignoring wrong pointing object 8 0 (offset 0)
Ignoring wrong pointing object 10 0 (offset 0)
Ignoring wrong pointing object 12 0 (offset 0)
Ignoring wrong pointing object 15 0 (offset 0)
Ignoring wrong pointing object 17 0 (offset 0)
Ignoring wrong pointing object 8 0 (offset 0)
Ignoring wrong pointing object 11 0 (offset 0)
Ignoring wrong pointing object 8 0 (offset 0)
Ignoring wrong pointing object 10 0 (offset 0)
Ignoring wrong pointing object 8 0 (offset 0)
Ignoring wrong pointing object 10 0 (offset 0)
Ignoring wrong pointing object 15 0 (offset 0)
Ignoring wrong pointing object 17 0 (offset 0)
Ignoring wrong pointing object 8 0 (offset 0)
Ignoring wrong pointing object 10 0 (offset 0)
Ignoring wrong pointing object 14 0 (offset 0)
Ignoring wrong pointing object 17 0 (offset 0)
Ignoring wrong pointing object 28 0 (offset 0)

  [RECOVERED] its-and-lsu-nrdna-analyses-wpdfdi6: 5 steps from document
  [RECOVERED] optimization-of-blood-pressure-management-after-ac-9nqh5dw: 87 steps from document
  [RECOVERED] western-blotting-using-the-bolt-system-jwqcpdw: 2 steps from document
  [RECOVERED] scoring-systems-for-the-prediction-of-choledocholi-bm7xk9pn: 15 steps from document
  [RECOVERED] electrode-internal-solution-with-biocytin-ii-bepnjdme: 103 steps from document
  [RECOVERED] nyc-nj-aquatic-vertebrate-edna-project-protocols-i-p9gdr3w: 9 steps from document
  [RECOVERED] post-patch-clamp-slice-fixation-bg5tjy6n: 72 steps from document
  [RECOVERED] gc-ms-protocol-for-the-manuscript-34-urinary-chemi-baqvidw6: 2 steps from document
    [ERROR] https://protocols-files.s3.amazonaws.com/files/qtkmce5sx.pdf?X-Amz-Algorithm=AWS4-HMAC-SHA256&X-Amz-Credential=AKIAWFTFYUBUZ2U2JGOS%2F20260619%2Fus-east-1%2Fs3%2Faws4_request&X-Amz-Date=20260619T195236Z&X-Amz-Expires=604800&X-Amz-SignedHeaders=host&X-Amz-Signature=9a9807399465764348824639157c197747f24298d5ae81f30063f2df79d123d7: 403 Client Error: Forbidden for url: https://protocols-files.s3.amazonaws.com/files/qtkmce5sx.pdf?X-Amz-Algorithm=AWS4-HMAC-SHA256&X-Amz-Credential=AKIAWFTFYUBUZ2U2JGOS%2F20260619%2Fus-east-1%2Fs3%2Faws4_request&X-Amz-Date=20260619T195236Z&X-Amz-Expires=604800&X-Amz-SignedHeaders=host&X-Amz-Signature=9a9807399465764348824639157c197747f24298d5ae81f30063f2df79d123d7
  [RECOVERED] protocol-temephos-bioassay-bbstinen: 6 steps from document
  [RECOVERED] house-fly-musca-domestica-laboratory-rearing-proto-vbse2ne: 20 steps from document
  [RECOVERED] protocol-to-detect-and-assess-pollination-deficits-pz7dp9n: 79 steps from document
  [RECOVERED] prmt5-a-novel-regulator-of-hepatitis-b-virus-repli-je8cjhw: 52 steps from document
  [RECOVERED] facs-staining-pbmcs-for-tlr-and-intracellular-stai-87qhzmw: 3 steps from document
  [RECOVERED] standard-method-for-microct-based-additive-manufac-sbvean6: 7 steps from document
  [RECOVERED] efficacy-of-proton-pump-inhibitor-ppi-therapy-in-t-bsrpnd5n: 7 steps from document
  [RECOVERED] cost-effectiveness-of-intensity-modulated-radiothe-jzvcp66: 22 steps from document
  [RECOVERED] analysis-of-the-derivatives-of-sialic-acid-in-pig-zd6f29e: 27 steps from document
    [ERROR] https://content.protocols.io/73s3k3w.pdf: 403 Client Error: Forbidden for url: https://content.protocols.io/73s3k3w.pdf
  [RECOVERED] relative-viscosity-babqiamw: 24 steps from document
  [RECOVERED] cgas-enzymatic-assay-cgamp-mass-spectrometry-forma-jazcif6: 21 steps from document
  [RECOVERED] protocol-for-data-collection-on-drugs-use-in-inpat-iqqcdvw: 9 steps from document
  [RECOVERED] amino-acid-analysis-service-uu8ewzw: 2 steps from document
  [RECOVERED] wolsink-et-al-dual-cognitive-pathways-to-voice-qua-tubensn: 21 steps from document
  [RECOVERED] electrochemical-gradients-assessment-device-egad-z4ff8tn: 8 steps from document
  [RECOVERED] early-mobilization-for-acute-heart-failure-a-syste-bwmrpc56: 19 steps from document
  [RECOVERED] using-facs-to-sort-fluorescent-bodo-cells-skpecvn: 17 steps from document
  [RECOVERED] core-protocol-for-serial-imaging-of-fluorescently-be2ejgbe: 136 steps from document
  [RECOVERED] elisa-protocols-cytokines-bdggi3tw: 4 steps from document
  [RECOVERED] rna-seq-analysis-of-long-non-coding-rnas-and-prote-n2tdgen: 9 steps from document
  [RECOVERED] successful-and-cost-effective-dna-extraction-metho-bfajjicn: 2 steps from document
  [RECOVERED] phalloidin-immunofluorescence-staining-read3ae: 47 steps from document
  [RECOVERED] the-efficacy-and-safety-of-preoperative-glucocorti-btxhnpj6: 14 steps from document
  [RECOVERED] pbmc-isolation-and-cryopreservation-87phzmn: 2 steps from document
  [RECOVERED] enrichment-of-minor-allele-of-snps-and-genetic-pre-j7icrke: 16 steps from document
  [RECOVERED] improving-diagnosis-in-cognitive-disorders-z97f99n: 225 steps from document
  [RECOVERED] cell-based-analysis-of-pink1-parkin-pathway-activa-bswanfae: 8 steps from document
  [RECOVERED] sexing-bovine-preimplantation-embryos-by-pcr-7unhnve: 3 steps from document
  [RECOVERED] artificial-cerebrospinal-fluid-i-acsf-i-bezkjf4w: 153 steps from document
  [RECOVERED] phytoplankton-sinking-rates-through-time-resolved-jqzcmx6: 24 steps from document
    [EXTRACT ERROR] UPF_Protocol_version_1.2_Final_PDF.pdf: Cannot read an empty file
  [RECOVERED] statistical-code-summary-for-34-predicting-the-10-bft4jnqw: 492 steps from document
  [RECOVERED] 10-triton-x-100-bezhjf36: 20 steps from document
  [RECOVERED] assessment-of-anti-cancerous-effect-of-green-roast-rvad62e: 12 steps from document
  [RECOVERED] a-bioinformatics-pipeline-for-processing-and-analy-brz8m79w: 12 steps from document
  [RECOVERED] shenfu-injection-as-an-add-on-treatment-to-improve-basyiefw: 4 steps from document
  [RECOVERED] 2-steps-of-clinical-reasoning-process-and-variable-utgewjw: 5 steps from document
  [RECOVERED] environmental-exposures-and-craniofacial-birth-def-bd33i8qn: 9 steps from document
  [RECOVERED] associations-of-antithrombotic-agent-use-with-clin-bfbjjikn: 34 steps from document
  [RECOVERED] bn-page-r67d9hn: 20 steps from document
  [RECOVERED] leica-sp8-confocal-imaging-ddv3268n: 260 steps from document
  [RECOVERED] sc-wharf-water-processing-in-lab-rxkd7kw: 57 steps from document
  [RECOVERED] protocol-for-derivatization-and-determination-of-s-5j8g4rw: 10 steps from document
  [RECOVERED] statistical-considerations-and-analysis-plan-part-bvefn3bn: 80 steps from document
  [RECOVERED] mouse-whole-cell-tissue-processing-for-10x-genomic-b7y7rpzn: 15 steps from document
  [RECOVERED] tissuecyte-image-qc-bep9jdr6: 31 steps from document
  [RECOVERED] the-effect-of-safranal-on-the-epithelial-mesenchy-t5eeq3e: 14 steps from document
  [RECOVERED] 3-set-of-quality-indicators-for-physiotherapy-care-uthewj6: 7 steps from document
  [RECOVERED] sequencing-open-chromatin-of-single-cell-nuclei-sn-4zzgx76: 4 steps from document
  [RECOVERED] extraction-of-extractives-and-analysis-of-low-mole-phqdj5w: 8 steps from document
  [RECOVERED] intramuscular-injection-adult-mouse-ddvg263w: 37 steps from document
  [RECOVERED] glycemic-effect-of-post-meal-walking-compared-to-o-72chqaw: 119 steps from document
  [RECOVERED] intradermal-coinfection-of-mice-ears-with-l-major-vdse26e: 2 steps from document
  [RECOVERED] radiographic-cup-position-following-posterior-and-jpbcmin: 79 steps from document
  [RECOVERED] binding-of-gp37-ltf-needle-trimers-to-e-coli-77xhrpn: 14 steps from document
  [RECOVERED] an-analysis-of-relative-telomere-length-rtl-during-ca47sgzn: 22 steps from document
  [RECOVERED] isolation-of-nuclei-from-adult-human-brain-tissue-ztqf6mw: 152 steps from document
  [RECOVERED] assessing-vertebrate-physiology-a-simple-and-cost-sa2eage: 43 steps from document
  [RECOVERED] selection-assay-to-identify-desiccation-tolerant-b-j4icque: 3 steps from document
  [RECOVERED] n-parisii-infection-of-c-elegans-waiface: 7 steps from document
  [RECOVERED] fructose-quantificaiton-rv8d69w: 29 steps from document
  [RECOVERED] purification-of-nosema-bombycis-spores-if3cbqn: 4 steps from document
  [RECOVERED] single-nick-pcrispomyces-2-8f5htq6: 2 steps from document
  [RECOVERED] data-for-manuscript-estimation-of-seed-yield-in-oi-x9wfr7e: 84 steps from document
  [RECOVERED] associations-of-antithrombotic-agent-use-with-clin-bfbmjik6: 13 steps from document
  [RECOVERED] efficacy-of-metformin-in-patients-with-breast-canc-bmzak72e: 7 steps from document
  [RECOVERED] childhood-obesity-policy-document-analysis-zgvf3w6: 30 steps from document
  [RECOVERED] study-material-for-manuscript-sensitivity-for-mult-pssdnee: 3 steps from document
  [RECOVERED] ddpcr-v4ze8x6: 34 steps from document
  [RECOVERED] study-of-purinosome-assembly-in-cell-based-model-s-qxfdxjn: 23 steps from document
  [RECOVERED] project-yes-youth-engaging-for-success-arthur-davi-bcc7iszn: 13 steps from document
  [RECOVERED] phonological-short-term-memory-tasks-for-italian-e-96nh9de: 37 steps from document
  [RECOVERED] distribution-of-aerophilous-diatom-communities-ass-6tcheiw: 12 steps from document
  [RECOVERED] isolation-of-nuclei-from-adult-human-brain-tissue-y6rfzd6: 161 steps from documentIgnoring wrong pointing object 10 0 (offset 0)
Ignoring wrong pointing object 8 0 (offset 0)
Ignoring wrong pointing object 10 0 (offset 0)
Ignoring wrong pointing object 6 0 (offset 0)
Ignoring wrong pointing object 8 0 (offset 0)
Ignoring wrong pointing object 10 0 (offset 0)
Ignoring wrong pointing object 12 0 (offset 0)
Ignoring wrong pointing object 14 0 (offset 0)
Ignoring wrong pointing object 20 0 (offset 0)
Ignoring wrong pointing object 25 0 (offset 0)
Ignoring wrong pointing object 48 0 (offset 0)
Ignoring wrong pointing object 8 0 (offset 0)
Ignoring wrong pointing object 8 0 (offset 0)
Ignoring wrong pointing object 20 0 (offset 0)
Ignoring wrong pointing object 48 0 (offset 0)
Ignoring wrong pointing object 8 0 (offset 0)
Ignoring wrong pointing object 10 0 (offset 0)
Ignoring wrong pointing object 12 0 (offset 0)
Ignoring wrong pointing object 14 0 (offset 0)
Ignoring wrong pointing object 22 0 (offset 0)
Ignoring wrong pointing object 10 0 (offset 0)
Ignoring wrong pointing object 12 0 (offset 0)
Ignoring wrong pointing object 6 0 (offset 0)
Ignoring wrong pointing object 8 0 (offset 0)
Ignoring wrong pointing object 17 0 (offset 0)
Ignoring wrong pointing object 19 0 (offset 0)
Ignoring wrong pointing object 9 0 (offset 0)
Ignoring wrong pointing object 31 0 (offset 0)
Ignoring wrong pointing object 37 0 (offset 0)
Ignoring wrong pointing object 9 0 (offset 0)
Ignoring wrong pointing object 40 0 (offset 0)
Ignoring wrong pointing object 61 0 (offset 0)
Ignoring wrong pointing object 11 0 (offset 0)
Ignoring wrong pointing object 13 0 (offset 0)
Ignoring wrong pointing object 8 0 (offset 0)
Ignoring wrong pointing object 10 0 (offset 0)
Ignoring wrong pointing object 14 0 (offset 0)
Ignoring wrong pointing object 16 0 (offset 0)
Ignoring wrong pointing object 29 0 (offset 0)
Ignoring wrong pointing object 45 0 (offset 0)
Ignoring wrong pointing object 8 0 (offset 0)
Ignoring wrong pointing object 10 0 (offset 0)
Ignoring wrong pointing object 42 0 (offset 0)
Ignoring wrong pointing object 6 0 (offset 0)
Ignoring wrong pointing object 8 0 (offset 0)
Ignoring wrong pointing object 10 0 (offset 0)
Ignoring wrong pointing object 35 0 (offset 0)
Ignoring wrong pointing object 41 0 (offset 0)
Ignoring wrong pointing object 43 0 (offset 0)
Ignoring wrong pointing object 45 0 (offset 0)
Ignoring wrong pointing object 50 0 (offset 0)
Ignoring wrong pointing object 55 0 (offset 0)
Ignoring wrong pointing object 57 0 (offset 0)

  [RECOVERED] artificial-cerebrospinal-fluid-v-acsf-v-besjjecn: 91 steps from document
  [RECOVERED] dna-fragmentation-amp-library-construction-bd2gi8bw: 18 steps from document
  [RECOVERED] unfocused-shock-waves-for-osteoinduction-in-bone-s-pv5dn86: 13 steps from document
  [RECOVERED] human-neurosurgical-tissue-processing-bf66jrhe: 27 steps from document
  [RECOVERED] standardized-procedures-for-thoracentesis-pleural-saceaaw: 25 steps from document
  [RECOVERED] protocol-for-amplification-of-three-dna-regions-fr-knwcvfe: 16 steps from document
  [RECOVERED] pcr-based-assay-for-genotyping-of-the-slick-mutati-6kxhcxn: 5 steps from document
  [RECOVERED] formation-of-gp37-ltf-needle-trimers-ompc-complex-77vhrn6: 10 steps from document
  [RECOVERED] glutamate-measurement-rufd6tn: 2 steps from document
  [RECOVERED] tissue-quality-evaluation-for-brain-perfusion-diss-ddsj26cn: 47 steps from document
  [RECOVERED] socio-demographic-and-lifestyle-influences-on-fall-umreu56: 225 steps from document
  [RECOVERED] molecular-assessment-of-kallikrein-3-in-ameloblast-uazesf6: 14 steps from document
  [RECOVERED] procedures-for-application-of-the-quantiferon-tb-g-saseaee: 2 steps from document
  [RECOVERED] advanced-marfey-x27-s-8f6htre: 5 steps from document
  [RECOVERED] bachelor-masters-thesis-protocol-7brhim6: 35 steps from document
  [RECOVERED] transplantation-of-uc-mscs-on-a-collagen-scaffold-rnzd5f6: 20 steps from document
  [RECOVERED] artificial-cerebrospinal-fluid-viii-acsf-viii-ddqc25sw: 188 steps from document
  [RECOVERED] experiences-of-oldest-old-caregivers-whose-partner-bdm8i49w: 39 steps from document
  [RECOVERED] preparation-of-gelatin-slide-coating-solution-bfzvjp66: 28 steps from document
  [RECOVERED] allicin-as-a-complementary-medicine-of-triple-quad-4ybgxsn: 5 steps from document
  [RECOVERED] traditional-chinese-medicine-as-add-on-treatment-o-bgnijvce: 5 steps from document
  [RECOVERED] efficacy-of-underwater-emr-for-non-pedunculated-co-bj5rkq56: 11 steps from document
  [RECOVERED] standard-method-for-microct-based-additive-manufac-4njgvcn: 7 steps from document
  [RECOVERED] aggregating-expert-elicited-data-for-prediction-a-7v6hn9e: 3 steps from document
  [RECOVERED] efficacy-of-follow-up-after-intensive-care-unit-ic-bvjwn4pe: 14 steps from document
  [RECOVERED] treatment-of-coagulopathy-in-covid-19-patients-pro-bgrpjv5n: 9 steps from document
  [RECOVERED] sequencing-library-preparation-qwidxce: 20 steps from document
  [RECOVERED] intraperitoneal-injection-in-an-adult-mouse-ddvh2636: 39 steps from document
  [RECOVERED] assays-for-studying-listeria-containing-vacuoles-kwmcxc6: 7 steps from document
  [RECOVERED] changes-in-spinal-stiffness-with-chronic-thoracic-twwepfe: 5 steps from document
  [RECOVERED] early-versus-delayed-feeding-after-endoscopic-subm-bmejk3cn: 16 steps from document
  [RECOVERED] canine-health-related-quality-of-life-index-chqoli-uw6exhe: 7 steps from document
  [RECOVERED] speech-stone-tool-making-and-the-two-step-evolutio-jyycpxw: 18 steps from document
  [RECOVERED] direct-cdna-synthesis-and-pre-amplification-of-sin-6knhcve: 4 steps from document
  [RECOVERED] reverse-micellar-extraction-of-recombinant-cold-ad-krscv6e: 63 steps from document
  [RECOVERED] the-pirasoa-programme-design-structure-organisatio-r3bd8in: 46 steps from document
  [RECOVERED] protocol-for-isolation-of-dna-from-forest-soil-sam-s2jegcn: 9 steps from document
  [RECOVERED] 20x-anatomic-and-layer-identification-for-biocytin-bey9jfz6: 9 steps from document
  [RECOVERED] determining-lipid-content-in-embryos-using-nile-re-8qwhvxe: 3 steps from document
  [RECOVERED] live-imaging-of-i3neurons-support-protocol-5-5w7g7hn: 48 steps from document
  [RECOVERED] peer-review-skills-development-study-protocols-baiyicfw: 14 steps from document
  [RECOVERED] cecal-bacteria-dna-extraction-tfeejje: 27 steps from document
  [RECOVERED] triage-for-critically-ill-patients-under-the-limit-bfaejibe: 4 steps from document
  [RECOVERED] epigenomic-profiling-of-neuroblastoma-cell-lines-6r3hd8n: 17 steps from document
  [RECOVERED] acetyl-coa-quantification-rv5d686: 29 steps from document
  [RECOVERED] coverslips-preparation-for-seqfish-7mihk4e: 28 steps from document
  [RECOVERED] instruction-protocols-moral-licensing-instrumental-tutenwn: 2 steps from document
  [RECOVERED] 10xv3-genomics-sample-processing-protocol-bq7cmziw: 450 steps from document
  [RECOVERED] paraoxonase-1-and-chronic-obstructive-pulmonary-di-bza3p2gn: 13 steps from document
  [RECOVERED] publication-trends-in-drug-delivery-and-magnetic-n-3w5gpg6: 14 steps from document
  [RECOVERED] effectiveness-of-exercise-therapy-and-self-managem-b6xurfnw: 19 steps from document
  [RECOVERED] ipsc-cortical-differentiation-x9cfr2w: 7 steps from document
  [RECOVERED] oyster-shell-processing-protocol-bbd7ii9n: 66 steps from document
  [RECOVERED] facs-single-cell-sorting-be4cjgsw: 353 steps from document
  [RECOVERED] chip-protocol-tkyekxw: 26 steps from document
  [RECOVERED] 10xv2-rnaseq-sample-processing-ynxfvfn: 467 steps from document
  [RECOVERED] evaluation-of-test-items-efficacy-in-promoting-str-bf69jrh6: 12 steps from document
  [RECOVERED] stereotaxic-injection-by-nanoject-protocol-hpe6b5jhf: 203 steps from document
  [RECOVERED] glycogen-quantification-rv7d69n: 14 steps from document
  [RECOVERED] immunocytochemical-and-immunohistochemical-analysi-jtxcnpn: 2 steps from document
  [RECOVERED] protocol-for-dissection-and-tissue-preparation-of-8tthwnn: 4 steps from document
  [RECOVERED] whole-body-clearing-of-beetles-by-successive-treat-ba33igqn: 8 steps from document
    [EXTRACT ERROR] my_protocol_1.docx: Package not found at 'data/media/protocols_io_docs/the-effect-of-doxorubicin-loaded-silica-nanopartic-t5xeq7n/my_protocol_1.docx'
  [RECOVERED] a-method-for-the-permeabilization-of-live-drosophi-75xhq7n: 40 steps from document
  [RECOVERED] 3d-reconstruction-of-neurons-in-vaa3d-v-3-bx5qpq5w: 125 steps from document
  [RECOVERED] transfection-of-i3neurons-support-protocol-3-5wug7ew: 48 steps from document
  [RECOVERED] the-efficacy-of-radical-antegrade-modular-pancreat-bxhfpj3n: 26 steps from document
  [RECOVERED] the-efficacy-and-safety-of-a-radial-approach-versu-bramm2c6: 11 steps from document
  [RECOVERED] the-role-of-c5a-in-rheumatoid-and-psoriatic-arthri-kmxcu7n: 16 steps from document
  [RECOVERED] cdna-synthesis-bgnbjvan: 52 steps from document
  [RECOVERED] triglyceride-quantification-rv9d696: 20 steps from document
  [RECOVERED] m9-base-medium-for-bee-gut-bacteria-kdqcs5w: 2 steps from document
  [RECOVERED] generating-human-intestinal-tissue-from-pluripoten-kqpcvvn: 19 steps from document
  [RECOVERED] human-post-mortem-brain-processing-bf4ajqse: 169 steps from document
  [RECOVERED] a-systematic-review-of-the-barriers-to-and-facilit-wbsfane: 7 steps from document
  [RECOVERED] proximity-ligation-protocol-with-concurrent-immuno-k7yczpw: 11 steps from document
  [RECOVERED] supplemental-ii-assay-buffer-for-hexokinase-activi-xckfiuw: 27 steps from document
  [RECOVERED] rna-isolation-from-plant-tissue-protocol-1-qiagen-4vxgw7n: 32 steps from document
  [RECOVERED] adoption-and-evaluation-of-the-doha-agreement-clas-bgkfjutn: 17 steps from document
  [RECOVERED] tissue-freezing-for-seqfish-7mdhk26: 16 steps from document
  [RECOVERED] expressing-genes-in-saccharomyces-cerevisiae-8gchtsw: 5 steps from document
  [RECOVERED] cell-fractionation-bazhif36: 2 steps from document
  [RECOVERED] screening-edited-ipsc-clones-yazfsf6: 269 steps from document
  [RECOVERED] phonological-awareness-tasks-for-italian-english-c-96kh9cw: 83 steps from document
  [RECOVERED] the-efficacy-of-telemedicine-using-videoconferenci-b38qqrvw: 11 steps from document
  [RECOVERED] enzymatic-fingerprinting-of-ax-and-mixed-linked-bg-babriam6: 20 steps from document
  [RECOVERED] tissuecyte-specimen-embedding-acrylamide-coembeddi-bf65jrg6: 102 steps from document
  [RECOVERED] efficacy-of-inspiratory-muscle-training-for-hypert-bw7xphpn: 190 steps from document
  [RECOVERED] Concentrating-Viruses-via-PEG-precipitation-d9j94m: 8 steps from document
  [RECOVERED] tendency-of-uterine-neoplasm-mortality-in-women-in-jz2cp8e: 17 steps from documentIgnoring wrong pointing object 10 0 (offset 0)
Ignoring wrong pointing object 12 0 (offset 0)
Ignoring wrong pointing object 15 0 (offset 0)
Ignoring wrong pointing object 8 0 (offset 0)
Ignoring wrong pointing object 10 0 (offset 0)
Ignoring wrong pointing object 12 0 (offset 0)
Ignoring wrong pointing object 8 0 (offset 0)
Ignoring wrong pointing object 10 0 (offset 0)
Ignoring wrong pointing object 12 0 (offset 0)
Ignoring wrong pointing object 24 0 (offset 0)
Ignoring wrong pointing object 8 0 (offset 0)
Ignoring wrong pointing object 10 0 (offset 0)
Ignoring wrong pointing object 12 0 (offset 0)
Ignoring wrong pointing object 10 0 (offset 0)
Ignoring wrong pointing object 12 0 (offset 0)
Ignoring wrong pointing object 14 0 (offset 0)
Ignoring wrong pointing object 16 0 (offset 0)
Ignoring wrong pointing object 8 0 (offset 0)
Ignoring wrong pointing object 10 0 (offset 0)
Ignoring wrong pointing object 12 0 (offset 0)
Ignoring wrong pointing object 14 0 (offset 0)
Ignoring wrong pointing object 34 0 (offset 0)
Ignoring wrong pointing object 36 0 (offset 0)
Ignoring wrong pointing object 48 0 (offset 0)
Ignoring wrong pointing object 79 0 (offset 0)
Ignoring wrong pointing object 81 0 (offset 0)
Ignoring wrong pointing object 110 0 (offset 0)
Ignoring wrong pointing object 117 0 (offset 0)
Ignoring wrong pointing object 140 0 (offset 0)
Ignoring wrong pointing object 142 0 (offset 0)
Ignoring wrong pointing object 144 0 (offset 0)
Ignoring wrong pointing object 195 0 (offset 0)
Ignoring wrong pointing object 214 0 (offset 0)
Ignoring wrong pointing object 216 0 (offset 0)
Ignoring wrong pointing object 229 0 (offset 0)
Ignoring wrong pointing object 267 0 (offset 0)
Ignoring wrong pointing object 269 0 (offset 0)
Ignoring wrong pointing object 271 0 (offset 0)
Ignoring wrong pointing object 277 0 (offset 0)
Ignoring wrong pointing object 8 0 (offset 0)
Ignoring wrong pointing object 10 0 (offset 0)
Ignoring wrong pointing object 12 0 (offset 0)
Ignoring wrong pointing object 14 0 (offset 0)
Ignoring wrong pointing object 16 0 (offset 0)
Ignoring wrong pointing object 30 0 (offset 0)
Ignoring wrong pointing object 8 0 (offset 0)
Ignoring wrong pointing object 10 0 (offset 0)
Ignoring wrong pointing object 18 0 (offset 0)
Ignoring wrong pointing object 8 0 (offset 0)
Ignoring wrong pointing object 10 0 (offset 0)
Ignoring wrong pointing object 12 0 (offset 0)

  [RECOVERED] human-ifn-granzyme-b-dual-color-elispot-jtncnme: 58 steps from document
  [RECOVERED] the-role-of-multiprotein-bridging-factor-1-mbf1c-i-be3sjgne: 12 steps from document
  [RECOVERED] slice-culture-media-bfzzjp76: 71 steps from document
  [RECOVERED] slice-preparation-and-blockface-imaging-for-electr-be2gjgbw: 31 steps from document
  [RECOVERED] bd-facs-aria-ii-shutdown-bdvpi65n: 63 steps from document
  [RECOVERED] preparation-of-genomic-dna-of-microsporidia-igacbse: 8 steps from document
  [RECOVERED] interventions-for-complex-traumatic-events-incite-bdbni2me: 15 steps from document
  [RECOVERED] qpcr-v4ye8xw: 23 steps from document
  [RECOVERED] production-of-recombinant-enva-rabies-virus-bdvvi666: 101 steps from document
  [RECOVERED] siblings-neighbourhood-effects-z6af9ae: 25 steps from document
  [RECOVERED] joint-angle-calculation-from-optical-markers-and-i-vwye7fw: 5 steps from document
  [RECOVERED] serum-soluble-s-axl-assay-protocol-wnnfdde: 3 steps from document
  [RECOVERED] resin-hm20-embedding-and-fmost-imaging-protocol-ssgeebw: 54 steps from document
  [RECOVERED] multi-contact-4c-mc-4c-long-molecule-sequencing-of-zmwf47e: 49 steps from document
  [RECOVERED] zeiss-axioimager-63x-z-stack-image-capture-ddv92696: 309 steps from document
  [RECOVERED] simplified-protocol-for-agrobacterium-mediated-tra-ba28ighw: 64 steps from document
  [RECOVERED] bd-facs-aria-ii-start-up-and-calibration-besajeae: 94 steps from document
  [RECOVERED] determination-of-infectious-lentiviral-titers-with-bcbsisne: 18 steps from document
  [RECOVERED] efficacy-of-simulation-based-education-for-intrava-biu6keze: 9 steps from document
  [RECOVERED] rapid-resistance-testing-rrt-protocol-for-rapid-de-uz9ex96: 42 steps from document
  [RECOVERED] pcr-prep-from-cdna-for-ivt-reactions-bgm9ju96: 126 steps from document
  [RECOVERED] protocol-for-dna-extraction-from-saliva-samples-us-cq6hvzb6: 8 steps from document
  [RECOVERED] Flow-cytometry-analysis-of-diatoms-and-coccolithop-d9i94d: 10 steps from document
  [RECOVERED] improving-pneumonia-diagnoses-using-pulse-oximetry-88mhzu6: 154 steps from document
  [RECOVERED] protein-expression-in-yeast-8gahtse: 2 steps from document
  [RECOVERED] antagonism-assays-to-identify-bacterial-strains-pr-j4mcqu6: 3 steps from document
  [RECOVERED] troubleshooting-bigbac-a-practical-guide-q3ydypw: 13 steps from document
  [RECOVERED] adenobuilder-modular-assembly-of-recombinant-qt5dwq6: 37 steps from document
  [RECOVERED] human-tissue-slicing-and-dissections-for-nuclear-i-bq6ymzfw: 133 steps from document
  [RECOVERED] the-image-processing-protocol-of-comparison-of-an-7qbhmsn: 4 steps from document
  [RECOVERED] intaspecific-aggression-assay-for-nylanderia-fulva-8z9hx96: 41 steps from document
  [RECOVERED] supplemental-i-reagents-for-homogenization-buffer-xcifiue: 18 steps from document
  [RECOVERED] guide-pratique-menant-la-caract-risation-de-la-dou-uw4exgw: 7 steps from document
  [RECOVERED] elisa-il-10-92dh8a6: 20 steps from document
  [RECOVERED] system-dynamics-sd-model-of-the-hiv-care-continuum-bmj2k4qe: 7 steps from document
  [RECOVERED] vlp-rt-qpcr-k73czqn: 7 steps from document
  [RECOVERED] male-circumcision-for-prevention-of-heterosexual-t-seiebce: 142 steps from document
  [RECOVERED] 2100-bioanalyzer-operation-for-pcr-gtp-and-ivt-pro-bfzjjp4n: 147 steps from document
  [RECOVERED] 1-flowchart-illustrating-the-steps-of-the-clinical-uscewaw: 5 steps from document
  [RECOVERED] production-of-crude-aav-virus-extract-ddp825rw: 63 steps from document
  [RECOVERED] laboratory-protocol-smallpox-vaccination-and-hiv-1-t2ceqaw: 23 steps from document
  [RECOVERED] dna-extraction-from-frozen-whole-blood-using-the-d-i6cchaw: 40 steps from document
  [RECOVERED] genomic-editing-ipsc-yayfsfw: 269 steps from document
  [RECOVERED] olst-protocol-smwec7e: 92 steps from document
  [RECOVERED] the-dat-e-adolescence-prevention-program-protocol-tp8emrw: 11 steps from document
  [RECOVERED] traditional-chinese-medicine-for-helicobacter-pylo-xthfnj6: 5 steps from document
  [RECOVERED] dna-extraction-from-urine-3awgife: 12 steps from document
  [RECOVERED] multi-patch-clamp-recording-bep2jdqe: 153 steps from document
  [RECOVERED] apoptotic-effect-of-crude-scorpion-venom-on-head-a-t5aeq2e: 11 steps from document
  [RECOVERED] associations-of-antithrombotic-agent-use-with-clin-bfbnjime: 34 steps from document
  [RECOVERED] lectura-en-smartphone-szvef66: 14 steps from document
  [RECOVERED] statistical-methods-to-analyze-the-persistence-of-3c8gizw: 15 steps from document
  [RECOVERED] an-analysis-of-relative-telomere-length-rtl-during-ca5csg2w: 22 steps from document
  [RECOVERED] methods-and-protocols-from-chaiyarat-et-al-2019-fo-ba8zihx6: 21 steps from document
  [RECOVERED] molecular-screening-for-intestinal-parasites-sf9ebr6: 25 steps from document
  [RECOVERED] whole-body-tissue-stabilization-and-selective-extr-8xehxje: 37 steps from document
  [RECOVERED] peripheral-blood-mononuclear-cells-pbmc-and-plasma-jtmcnk6: 36 steps from document
  [RECOVERED] body-asymmetry-baspiedn: 3 steps from document
  [RECOVERED] video-lecturing-in-clicker-assisted-english-flippe-7sjhncn: 61 steps from document
  [RECOVERED] clinical-education-alone-is-sufficient-to-improve-wsyfefw: 6 steps from document
  [RECOVERED] an-8-week-resistance-training-protocol-is-effectiv-ykwfuxe: 6 steps from document
  [RECOVERED] coating-slides-with-gelatin-ddsx26fn: 28 steps from document
  [RECOVERED] genome-wide-quantification-of-tf-binding-at-single-btr2nm8e: 47 steps from document
  [RECOVERED] production-of-aav-virus-by-iodixanol-gradient-ultr-ddp625re: 100 steps from document
  [RECOVERED] stereotaxic-injection-by-iontophoresis-hh8wb39xf: 203 steps from document
  [RECOVERED] prevent-protocol-t3yeqpw: 4 steps from document
  [RECOVERED] single-cell-isolation-from-human-skeletal-muscle-q5wdy7e: 32 steps from document
  [RECOVERED] artificial-cerebrospinal-fluid-iii-acsf-iii-d6cw9axe: 148 steps from document
    [ERROR] https://content.protocols.io/files/fvhfbi9kx.docx: 503 Server Error: Service Unavailable for url: https://content.protocols.io/files/fvhfbi9kx.docx
  [RECOVERED] protocol-of-biomarker-discovery-and-data-analysis-ir7cd9n: 12 steps from document
  [RECOVERED] 50-mm-phosphate-buffer-with-0-02-sodium-azide-opti-bg52jy8e: 68 steps from document
  [RECOVERED] standard-interview-of-evidence-use-sieu-zgpf3vn: 6 steps from document
  [RECOVERED] flow-cytometry-analysis-of-human-neutrophil-extrac-3zzgp76: 3 steps from document
  [RECOVERED] immunehistochemistry-and-transcriptomic-analysis-o-t7gerjw: 26 steps from document
  [RECOVERED] which-preferences-associate-with-school-performanc-kepctdn: 62 steps from document
  [RECOVERED] methyl-c-sequencing-of-single-cell-nuclei-snmc-seq-pjvdkn6: 12 steps from document
  [RECOVERED] infant-outcome-at-four-years-of-age-after-intrapar-k3ecyje: 59 steps from document
  [RECOVERED] rna-coip-from-gradients-k74czqw: 9 steps from document
    [ERROR] https://protocols-files.s3.amazonaws.com/private/8bfc3efb51d23db442cdfbf39ca03705adf735270fa8291ffc1ba5efe01b0f55/bukvbaiux.docx?X-Amz-Algorithm=AWS4-HMAC-SHA256&X-Amz-Credential=AKIAWFTFYUBUZ2U2JGOS%2F20260619%2Fus-east-1%2Fs3%2Faws4_request&X-Amz-Date=20260619T194054Z&X-Amz-Expires=604800&X-Amz-SignedHeaders=host&X-Amz-Signature=6d3c63d204bcc89534540ce3e97f1894c18a45928e309505f971da24e1049696: 403 Client Error: Forbidden for url: https://protocols-files.s3.amazonaws.com/private/8bfc3efb51d23db442cdfbf39ca03705adf735270fa8291ffc1ba5efe01b0f55/bukvbaiux.docx?X-Amz-Algorithm=AWS4-HMAC-SHA256&X-Amz-Credential=AKIAWFTFYUBUZ2U2JGOS%2F20260619%2Fus-east-1%2Fs3%2Faws4_request&X-Amz-Date=20260619T194054Z&X-Amz-Expires=604800&X-Amz-SignedHeaders=host&X-Amz-Signature=6d3c63d204bcc89534540ce3e97f1894c18a45928e309505f971da24e1049696
    [ERROR] https://protocols-files.s3.amazonaws.com/private/8bfc3efb51d23db442cdfbf39ca03705adf735270fa8291ffc1ba5efe01b0f55/bukwbaiux.docx?X-Amz-Algorithm=AWS4-HMAC-SHA256&X-Amz-Credential=AKIAWFTFYUBUZ2U2JGOS%2F20260619%2Fus-east-1%2Fs3%2Faws4_request&X-Amz-Date=20260619T194054Z&X-Amz-Expires=604800&X-Amz-SignedHeaders=host&X-Amz-Signature=6873f22c1c768fe5853362820ea7187ee2c131e4cca7eb795dcf5b06e275cecb: 403 Client Error: Forbidden for url: https://protocols-files.s3.amazonaws.com/private/8bfc3efb51d23db442cdfbf39ca03705adf735270fa8291ffc1ba5efe01b0f55/bukwbaiux.docx?X-Amz-Algorithm=AWS4-HMAC-SHA256&X-Amz-Credential=AKIAWFTFYUBUZ2U2JGOS%2F20260619%2Fus-east-1%2Fs3%2Faws4_request&X-Amz-Date=20260619T194054Z&X-Amz-Expires=604800&X-Amz-SignedHeaders=host&X-Amz-Signature=6873f22c1c768fe5853362820ea7187ee2c131e4cca7eb795dcf5b06e275cecbIgnoring wrong pointing object 10 0 (offset 0)
Ignoring wrong pointing object 32 0 (offset 0)
Ignoring wrong pointing object 53 0 (offset 0)
Ignoring wrong pointing object 6 0 (offset 0)
Ignoring wrong pointing object 8 0 (offset 0)
Ignoring wrong pointing object 10 0 (offset 0)
Ignoring wrong pointing object 12 0 (offset 0)
Ignoring wrong pointing object 14 0 (offset 0)
Ignoring wrong pointing object 21 0 (offset 0)
Ignoring wrong pointing object 23 0 (offset 0)
Ignoring wrong pointing object 25 0 (offset 0)
Ignoring wrong pointing object 27 0 (offset 0)
Ignoring wrong pointing object 29 0 (offset 0)
Ignoring wrong pointing object 6 0 (offset 0)
Ignoring wrong pointing object 8 0 (offset 0)

  [RECOVERED] achieve-tkwekxe: 6 steps from document
  [RECOVERED] zooarchaeology-by-mass-spectrometry-zooms-pretreat-bf5djq26: 12 steps from document
  [RECOVERED] the-crick-covid-19-rt-pcr-testing-pipeline-bfe2jjge: 27 steps from document
  [RECOVERED] western-blot-ctb-bastieen: 2 steps from document
  [RECOVERED] indice-de-qualit-de-vie-associ-e-l-tat-de-sant-du-uw5exg6: 7 steps from document
  [RECOVERED] cpf1-cloning-8f4htqw: 19 steps from document
  [RECOVERED] analysis-of-bdnf-protein-expression-bh33j8qn: 45 steps from document
  [RECOVERED] spatial-index-of-urban-environment-for-health-bb3jiqkn: 5 steps from document
  [RECOVERED] mri-and-biomarkers-in-prostate-cancer-multi-improd-ynifvce: 31 steps from document
  [RECOVERED] efficacy-and-safety-of-drug-therapy-aimed-at-reduc-bu4qnyvw: 20 steps from document
    [ERROR] https://protocols-files.s3.amazonaws.com/private/8bfc3efb51d23db442cdfbf39ca03705adf735270fa8291ffc1ba5efe01b0f55/bukjbaiux.docx?X-Amz-Algorithm=AWS4-HMAC-SHA256&X-Amz-Credential=AKIAWFTFYUBUZ2U2JGOS%2F20260619%2Fus-east-1%2Fs3%2Faws4_request&X-Amz-Date=20260619T215634Z&X-Amz-Expires=604800&X-Amz-SignedHeaders=host&X-Amz-Signature=52ce6e2a63b7951ef0f2a230efddb965755051a757b2b40818e9414f9dd8922a: 403 Client Error: Forbidden for url: https://protocols-files.s3.amazonaws.com/private/8bfc3efb51d23db442cdfbf39ca03705adf735270fa8291ffc1ba5efe01b0f55/bukjbaiux.docx?X-Amz-Algorithm=AWS4-HMAC-SHA256&X-Amz-Credential=AKIAWFTFYUBUZ2U2JGOS%2F20260619%2Fus-east-1%2Fs3%2Faws4_request&X-Amz-Date=20260619T215634Z&X-Amz-Expires=604800&X-Amz-SignedHeaders=host&X-Amz-Signature=52ce6e2a63b7951ef0f2a230efddb965755051a757b2b40818e9414f9dd8922a
    [ERROR] https://protocols-files.s3.amazonaws.com/private/8bfc3efb51d23db442cdfbf39ca03705adf735270fa8291ffc1ba5efe01b0f55/bukqbaiux.docx?X-Amz-Algorithm=AWS4-HMAC-SHA256&X-Amz-Credential=AKIAWFTFYUBUZ2U2JGOS%2F20260619%2Fus-east-1%2Fs3%2Faws4_request&X-Amz-Date=20260619T215634Z&X-Amz-Expires=604800&X-Amz-SignedHeaders=host&X-Amz-Signature=ace672f7297ac8a8a24bd0e55c8720f2ffa1cfa2540c6d12ce6d3543f7deb5e0: 403 Client Error: Forbidden for url: https://protocols-files.s3.amazonaws.com/private/8bfc3efb51d23db442cdfbf39ca03705adf735270fa8291ffc1ba5efe01b0f55/bukqbaiux.docx?X-Amz-Algorithm=AWS4-HMAC-SHA256&X-Amz-Credential=AKIAWFTFYUBUZ2U2JGOS%2F20260619%2Fus-east-1%2Fs3%2Faws4_request&X-Amz-Date=20260619T215634Z&X-Amz-Expires=604800&X-Amz-SignedHeaders=host&X-Amz-Signature=ace672f7297ac8a8a24bd0e55c8720f2ffa1cfa2540c6d12ce6d3543f7deb5e0
    [ERROR] https://protocols-files.s3.amazonaws.com/private/8bfc3efb51d23db442cdfbf39ca03705adf735270fa8291ffc1ba5efe01b0f55/bukrbaiux.docx?X-Amz-Algorithm=AWS4-HMAC-SHA256&X-Amz-Credential=AKIAWFTFYUBUZ2U2JGOS%2F20260619%2Fus-east-1%2Fs3%2Faws4_request&X-Amz-Date=20260619T215634Z&X-Amz-Expires=604800&X-Amz-SignedHeaders=host&X-Amz-Signature=d640438f0ac10dd1efb29eae38bcb207fa6c1b18dfe501c98aef2572cdc3609d: 403 Client Error: Forbidden for url: https://protocols-files.s3.amazonaws.com/private/8bfc3efb51d23db442cdfbf39ca03705adf735270fa8291ffc1ba5efe01b0f55/bukrbaiux.docx?X-Amz-Algorithm=AWS4-HMAC-SHA256&X-Amz-Credential=AKIAWFTFYUBUZ2U2JGOS%2F20260619%2Fus-east-1%2Fs3%2Faws4_request&X-Amz-Date=20260619T215634Z&X-Amz-Expires=604800&X-Amz-SignedHeaders=host&X-Amz-Signature=d640438f0ac10dd1efb29eae38bcb207fa6c1b18dfe501c98aef2572cdc3609d
    [ERROR] https://protocols-files.s3.amazonaws.com/private/8bfc3efb51d23db442cdfbf39ca03705adf735270fa8291ffc1ba5efe01b0f55/buktbaiux.docx?X-Amz-Algorithm=AWS4-HMAC-SHA256&X-Amz-Credential=AKIAWFTFYUBUZ2U2JGOS%2F20260619%2Fus-east-1%2Fs3%2Faws4_request&X-Amz-Date=20260619T215634Z&X-Amz-Expires=604800&X-Amz-SignedHeaders=host&X-Amz-Signature=7d1aa055631b0f94cac94e636f28ae6fa66347a23f426ceca66aa8ef10e33f63: 403 Client Error: Forbidden for url: https://protocols-files.s3.amazonaws.com/private/8bfc3efb51d23db442cdfbf39ca03705adf735270fa8291ffc1ba5efe01b0f55/buktbaiux.docx?X-Amz-Algorithm=AWS4-HMAC-SHA256&X-Amz-Credential=AKIAWFTFYUBUZ2U2JGOS%2F20260619%2Fus-east-1%2Fs3%2Faws4_request&X-Amz-Date=20260619T215634Z&X-Amz-Expires=604800&X-Amz-SignedHeaders=host&X-Amz-Signature=7d1aa055631b0f94cac94e636f28ae6fa66347a23f426ceca66aa8ef10e33f63
  [RECOVERED] stpt-protocol-smvec66: 115 steps from document
  [RECOVERED] the-pair-test-a-computerised-measure-of-learning-a-bjvckn2w: 13 steps from document
  [RECOVERED] quantification-of-nitrogen-and-phosphorus-in-grass-bb7tirnn: 12 steps from document
  [RECOVERED] reagents-and-solutions-support-protocol-7-2-5vag62e: 48 steps from document
  [RECOVERED] artificial-cerebrospinal-fluid-vii-acsf-vii-ddr2258e: 205 steps from document
  [RECOVERED] hepatotoxicity-during-6-thioguanine-treatment-prot-zjnf4me: 14 steps from document
  [RECOVERED] western-blotting-tpqemmw: 68 steps from document
  [RECOVERED] toxoplasmosis-and-mental-disorders-in-the-russian-zpzf5p6: 18 steps from document
  [RECOVERED] incidence-and-etiology-of-chronic-pulmonary-infect-bb2piqdn: 220 steps from document
  [RECOVERED] single-nuclei-extraction-from-frozen-brain-2a5gag6: 81 steps from document
  [RECOVERED] single-cell-isolation-from-human-fetal-thigh-ta8eihw: 35 steps from document
  [RECOVERED] artificial-cerebrospinal-fluid-ix-acsf-ix-beppjdmn: 101 steps from document
  [RECOVERED] protocol-griess-test-96ph9dn: 16 steps from document
  [RECOVERED] protocol-for-the-dha-docosahexaenoic-acid-oxford-l-k8kczuw: 29 steps from document
  [RECOVERED] hasselt-university-protocol-for-maternal-hemodynam-tffejjn: 101 steps from document
  [RECOVERED] identifying-an-active-promoter-in-b-saltans-using-sh5eb86: 77 steps from document
  [RECOVERED] identification-and-molecular-characterization-of-a-jdaci2e: 33 steps from document
  [RECOVERED] patch-seq-internal-solution-with-biocytin-b8hirt4e: 149 steps from document
  [RECOVERED] zeiss-axioimager-multi-channel-20x-image-capture-ddv8269w: 309 steps from document
  [RECOVERED] isolation-of-nuclei-from-adult-mouse-brain-tissue-bq7emzje: 163 steps from document
  [RECOVERED] evidence-based-information-halves-the-influence-of-imscc6e: 54 steps from document
    [ERROR] https://content.protocols.io/5b8d3an.docx: 403 Client Error: Forbidden for url: https://content.protocols.io/5b8d3an.docx
  [RECOVERED] subcutaneous-injection-adult-mouse-ddth26j6: 35 steps from document
  [RECOVERED] whole-cell-protein-extraction-and-western-blotting-dkda4s2e: 2 steps from document
  [RECOVERED] nanobind-hmw-dna-extraction-for-tissue-hmsrb46d7: 12 steps from document
  [RECOVERED] lying-and-shirking-under-oath-bgw7jxhn: 76 steps from document
    [ERROR] https://content.protocols.io/nd5hmse.doc: 403 Client Error: Forbidden for url: https://content.protocols.io/nd5hmse.doc
  [RECOVERED] pneumonia-associated-with-invasive-and-noninvasive-bup5nvq6: 7 steps from document
  [RECOVERED] berryhill-project-2018-xusfnwe: 9 steps from document
  [RECOVERED] formation-of-gp37-ltf-needle-trimers-lps-complex-77nhrme: 14 steps from document
  [RECOVERED] rna-isolation-from-plant-tissue-protocol-11-tri-re-4ydgxs6: 32 steps from document
  [RECOVERED] in-silico-molecular-modeling-of-the-sodium-iodide-bb46iqze: 20 steps from document
  [RECOVERED] rna-isolation-from-plant-tissue-protocol-17-invitr-4uwgwxe: 32 steps from document
  [RECOVERED] 1-prevalence-of-odontogenic-neoplasms-in-education-t6ceraw: 10 steps from document
  [RECOVERED] protocol-for-lrp37-method-bck8iuzw: 18 steps from document
  [RECOVERED] overviews-on-adverse-events-in-pharmacological-int-bfgqjjvw: 7 steps from document
  [RECOVERED] comparative-efficacy-of-antidepressants-for-sympto-bb72irqe: 6 steps from document
  [RECOVERED] 37-c-heat-shock-survival-assay-for-c-elegans-v6re9d6: 10 steps from document
  [RECOVERED] table-1-parameters-used-in-the-example-kfdcti6: 10 steps from document

Checked: 767 | No cache: 31 | No documents: 244
Downloaded: 604 | Recovered real steps: 370 | Media-only (no text recovered): 110
