[Wed Jul  8 04:44:34 PM CEST 2026] Waiting for document recovery (PID 60537) to finish...
[Wed Jul  8 04:46:15 PM CEST 2026] Document recovery finished.
[Wed Jul  8 04:46:15 PM CEST 2026] Running materials/background cleanup on newly recovered protocols_io content...
Fixed:  5,815
Errors: 0
Total:  6,291
Run scripts/merge_and_dedup.py to publish these fixes to protocols/.
[Wed Jul  8 04:46:22 PM CEST 2026] Checkpoint: merge + gate...
=== merge_and_dedup.py — Layer 3 ===
True-dup threshold : 0.95
Version threshold  : 0.7
NumPerm            : 128

Loaded per source:
  bio_protocol: 435
  biological_procedures: 247
  current_protocols: 113
  figshare: 213
  github_opentrons: 832
  methodsx: 2658
  openwetware: 0
  protocols_io: 6291
  pubmed_central: 53
  star_protocols: 1076
  vendor: 0
  zenodo: 2269
  TOTAL: 14187

Grouping protocols into version families...
  [TRUE DUP] Dropped  'On the diversity, phylogeny and biogeography of ca' (src=figshare) — kept existing
  [TRUE DUP] Dropped  'Improved influenza A whole-genome sequencing proto' (src=figshare) — kept existing
  [TRUE DUP] Dropped  'Adaptable and comprehensive approaches for long-re' (src=figshare) — kept existing
  [TRUE DUP] Dropped  'A. hydrophila DNA extraction results.' (src=figshare) — kept existing
  [TRUE DUP] Dropped  'Selected statistical results.' (src=figshare) — kept existing
  [TRUE DUP] Dropped  'Non-select statistical results.' (src=figshare) — kept existing
  [TRUE DUP] Dropped  'Neoadjuvant chemotherapy combined with antiangioge' (src=figshare) — kept existing
  [TRUE DUP] Dropped  'Application of a new highly multiplexed amplicon s' (src=figshare) — kept existing
  [TRUE DUP] Dropped  'Preliminary transcriptomic analyses reveal in vitr' (src=figshare) — kept existing
  [TRUE DUP] Dropped  'Preliminary transcriptomic analyses reveal in vitr' (src=figshare) — kept existing
  [TRUE DUP] Dropped  'Preliminary transcriptomic analyses reveal in vitr' (src=figshare) — kept existing
  [TRUE DUP] Dropped  'List of oligonucleotides used in this study.' (src=figshare) — kept existing
  [TRUE DUP] Dropped  'List of plasmids used in this study.' (src=figshare) — kept existing
  [TRUE DUP] Dropped  'Classification of chagasic colon disease.' (src=figshare) — kept existing
  [TRUE DUP] Dropped  'Recommendations for antiparasitic treatment.' (src=figshare) — kept existing
  [TRUE DUP] Dropped  'DNA metabarcoding unveils authenticity and adulter' (src=figshare) — kept existing
  [TRUE DUP] Dropped  'DNA metabarcoding unveils authenticity and adulter' (src=figshare) — kept existing
  [TRUE DUP] Dropped  'DNA metabarcoding unveils authenticity and adulter' (src=figshare) — kept existing
  [TRUE DUP] Dropped  'DNA metabarcoding unveils authenticity and adulter' (src=figshare) — kept existing
  [TRUE DUP] Dropped  'DNA metabarcoding unveils authenticity and adulter' (src=figshare) — kept existing
  [TRUE DUP] Dropped  'DNA metabarcoding unveils authenticity and adulter' (src=figshare) — kept existing
  [TRUE DUP] Dropped  'DNA metabarcoding unveils authenticity and adulter' (src=figshare) — kept existing
  [TRUE DUP] Dropped  'DNA metabarcoding unveils authenticity and adulter' (src=figshare) — kept existing
  [TRUE DUP] Dropped  'Cervical EVT isolation for non-invasive fetal HLA ' (src=figshare) — kept existing
  [TRUE DUP] Dropped  'Comprehensive guide to loop-mediated isothermal am' (src=figshare) — kept existing
  [TRUE DUP] Dropped  'Small RNA Sequencing (Mouse Blood)' (src=figshare) — kept existing
  [TRUE DUP] Dropped  'Factors associated with ovine footrot lesions in U' (src=figshare) — kept existing
  [TRUE DUP] Dropped  'Participant research experience survey' (src=figshare) — kept existing
  [TRUE DUP] Dropped  'UKHSA research team workshop' (src=figshare) — kept existing
  [TRUE DUP] Dropped  'Alternative DNA extraction protocols trialed.' (src=figshare) — kept existing
  [TRUE DUP] Dropped  'Mapping total microbial communities and waterborne' (src=figshare) — kept existing
  [TRUE DUP] Dropped  'Mapping total microbial communities and waterborne' (src=figshare) — kept existing
  [TRUE DUP] Dropped  'Protocol for organoids from the gynecomastia patie' (src=figshare) — kept existing
  [TRUE DUP] Dropped  'Protocol for organoids from the gynecomastia patie' (src=figshare) — kept existing
  [TRUE DUP] Dropped  'Protocol for organoids from the gynecomastia patie' (src=figshare) — kept existing
  [TRUE DUP] Dropped  'Benchmark of methods for SARS-CoV-2 whole genome s' (src=figshare) — kept existing
  [TRUE DUP] Dropped  'Benchmark of methods for SARS-CoV-2 whole genome s' (src=figshare) — kept existing
  [TRUE DUP] Dropped  'Therapeutic efficacy of dihydroartemisinin-piperaq' (src=figshare) — kept existing
  [TRUE DUP] Dropped  'Therapeutic efficacy of dihydroartemisinin-piperaq' (src=figshare) — kept existing
  [TRUE DUP] Dropped  'Therapeutic efficacy of dihydroartemisinin-piperaq' (src=figshare) — kept existing
  [TRUE DUP] Dropped  'Periovulatory neurohormone dynamics reveal an asso' (src=figshare) — kept existing
  [TRUE DUP] Dropped  'Platelet-to-C-reactive protein ratio stratifies su' (src=figshare) — kept existing
  [TRUE DUP] Dropped  'Systematic review on the laboratory methodology fo' (src=figshare) — kept existing
  [TRUE DUP] Dropped  'Systematic review on the laboratory methodology fo' (src=figshare) — kept existing
  [TRUE DUP] Dropped  'Neoadjuvant FinHer regimen in patients with HER2-p' (src=figshare) — kept existing
  [TRUE DUP] Dropped  'CYP Induction, Part 1/3: Wash' (src=github_opentrons) — kept existing
  [TRUE DUP] Dropped  'Distribution of Prot K (Apostle)' (src=github_opentrons) — kept existing
  [TRUE DUP] Dropped  'Dynabeads for IP Reagent-In-Tube Part 2' (src=github_opentrons) — kept existing
  [TRUE DUP] Dropped  'Olink Target 48 Part 2/3: Extension' (src=github_opentrons) — kept existing
  [TRUE DUP] Dropped  'Fix & DAPI Staining' (src=github_opentrons) — kept existing
  [TRUE DUP] Dropped  'DAPI Staining' (src=github_opentrons) — kept existing
  [TRUE DUP] Dropped  'Manual Cleave with Repeat for 2nd EDA' (src=github_opentrons) — kept existing
  [TRUE DUP] Dropped  'MACHEREY-NAGEL NucleoMag® Virus Protocol' (src=github_opentrons) — kept existing
  [TRUE DUP] Dropped  'Mag-Bind® Blood & Tissue DNA HDQ 96 Kit' (src=github_opentrons) — kept existing
  [TRUE DUP] Dropped  'Redo Replacement Picking with Greiner MASTERBLOCK ' (src=github_opentrons) — kept existing
  [TRUE DUP] Dropped  'CYP Induction Protocol' (src=github_opentrons) — kept existing
  [TRUE DUP] Dropped  'Dilution with CSV File and Custom Tube Rack' (src=github_opentrons) — kept existing
  [TRUE DUP] Replaced 'Cleanup of Universal PCR with QIAact Beads' with better version 'Cleanup of Adapter-ligated DNA with QIAseq Beads'
  [TRUE DUP] Dropped  'Cleanup of Target Enrichment PCR with QIAseq Beads' (src=github_opentrons) — kept existing
  [TRUE DUP] Dropped  'Standard BioTools Dynamic Array 96.96: Load 4 uL' (src=github_opentrons) — kept existing
  [TRUE DUP] Dropped  'Illumina DNA Prep - Tagment Genomic DNA' (src=github_opentrons) — kept existing
  [TRUE DUP] Dropped  'Manual Cleave Protocol' (src=github_opentrons) — kept existing
  [TRUE DUP] Dropped  'SPRI 3' (src=github_opentrons) — kept existing
  [TRUE DUP] Dropped  'Cherrypicking with Multi-Channel Pipette and CSV -' (src=github_opentrons) — kept existing
  [TRUE DUP] Dropped  'Olink® Target 96 Part 1/3: Incubation' (src=github_opentrons) — kept existing
  [TRUE DUP] Dropped  'Redo Replacement Picking with Greiner MASTERBLOCK ' (src=github_opentrons) — kept existing
  [TRUE DUP] Dropped  'Illumina DNA Prep - Clean Up Libraries' (src=github_opentrons) — kept existing
  [TRUE DUP] Dropped  'Illumina DNA Prep - Post Tagmentation Clean Up' (src=github_opentrons) — kept existing
  [TRUE DUP] Dropped  'Zymo-Seq RiboFree Total RNA Library Prep P7 Adapte' (src=github_opentrons) — kept existing
  [TRUE DUP] Dropped  'Manual Cleave Elution' (src=github_opentrons) — kept existing
  [TRUE DUP] Dropped  'Dynabeads for IP Reagent-In-Plate Part 1' (src=github_opentrons) — kept existing
  [TRUE DUP] Dropped  'Redo Replacement Picking on 96 Well Plate' (src=github_opentrons) — kept existing
  [TRUE DUP] Dropped  'Zymo-Seq RiboFree Total RNA Library Prep First-Str' (src=github_opentrons) — kept existing
  [TRUE DUP] Dropped  'Normalization Protocol for Genomic and Proteomic A' (src=github_opentrons) — kept existing
  [TRUE DUP] Dropped  'Version Update - Adding Water to RBC 96-Well Plate' (src=github_opentrons) — kept existing
  [TRUE DUP] Dropped  'PCR Preparation Protocol' (src=github_opentrons) — kept existing
  [TRUE DUP] Dropped  'Illumina COVIDSeq - Synthesize First Strand cDNA' (src=github_opentrons) — kept existing
  [TRUE DUP] Dropped  'Pooling - 2ml Tuberack to 15ml Tuberack' (src=github_opentrons) — kept existing
  [TRUE DUP] Dropped  'PCR/qPCR Preparation Protocol' (src=github_opentrons) — kept existing
  [TRUE DUP] Dropped  'Simple Plate Transfer Protocol' (src=github_opentrons) — kept existing
  [TRUE DUP] Dropped  'Manual Cleave and Elution with Off-Deck Vacuum' (src=github_opentrons) — kept existing
  [TRUE DUP] Replaced 'Normalization from .csv' with better version 'Normalization from .csv'
  [TRUE DUP] Dropped  'Pooling - 2ml Tuberack to 2ml Tuberack' (src=github_opentrons) — kept existing
  [TRUE DUP] Dropped  'Quarter Volume Library Prep Step 6: Clean Up' (src=github_opentrons) — kept existing
  [TRUE DUP] Dropped  'Illumina COVIDSeq - Tagment PCR Amplicons' (src=github_opentrons) — kept existing
  [TRUE DUP] Dropped  'Library Purification with Verogen ForenSeq DNA Sig' (src=github_opentrons) — kept existing
  [TRUE DUP] Dropped  'Luciferase Reporter Assay for NF-kB Activation - C' (src=github_opentrons) — kept existing
  [TRUE DUP] Dropped  'ArcBio Continuous RNA Workflow - Post-PCR Instrume' (src=github_opentrons) — kept existing
  [TRUE DUP] Dropped  'NGS Cleanup Protocol' (src=github_opentrons) — kept existing
  [TRUE DUP] Dropped  'A versatile nuclei extraction protocol for single ' (src=protocols_io) — kept existing
  [TRUE DUP] Dropped  'Ab Lysis Buffer Preparation' (src=protocols_io) — kept existing
  [TRUE DUP] Dropped  'ARMS Part B Assembly' (src=protocols_io) — kept existing
  [TRUE DUP] Dropped  'B-PER Lysis Protocol' (src=protocols_io) — kept existing
  [TRUE DUP] Dropped  'Bovine Satellite Cell Pax7 Immunocytochemistry' (src=protocols_io) — kept existing
  [TRUE DUP] Dropped  'Brain Dissection Protocol' (src=protocols_io) — kept existing
  [TRUE DUP] Dropped  'Carbonic Anhydrase Activity Assay' (src=protocols_io) — kept existing
  [TRUE DUP] Dropped  'CDO Expression into OnePot PURE' (src=protocols_io) — kept existing
  [TRUE DUP] Dropped  'cGAS Enzymatic Assay – cGAMP Mass Spectrometry For' (src=protocols_io) — kept existing
  [TRUE DUP] Dropped  'ChroDrip - ProteinA' (src=protocols_io) — kept existing
  [TRUE DUP] Dropped  'ChroSpin - ProteinG' (src=protocols_io) — kept existing
  [TRUE DUP] Dropped  'Collection of Mouse Cerebrospinal Fluid from the C' (src=protocols_io) — kept existing
  [TRUE DUP] Dropped  'Colony PCR Protocol' (src=protocols_io) — kept existing
  [TRUE DUP] Dropped  'Dissection and Immunohistochemistry of Mouse Vagal' (src=protocols_io) — kept existing
  [TRUE DUP] Replaced 'DNA Extraction from Sterivex Filters' with better version 'DNA Extraction from Sterivex Filters'
  [TRUE DUP] Dropped  'DNA Extraction Protocol for Cryptosporidium spp. i' (src=protocols_io) — kept existing
  [TRUE DUP] Replaced 'DNA Extraction' with better version 'DNA Extraction Protocol Using Modified BOMB Method'
  [TRUE DUP] Dropped  'DNA Extraction for the Betta splendens Genome' (src=protocols_io) — kept existing
  [TRUE DUP] Dropped  'Emma's Snickerdoodles' (src=protocols_io) — kept existing
  [TRUE DUP] Dropped  'Endometrium Dissociation with Collagenase' (src=protocols_io) — kept existing
  [TRUE DUP] Dropped  'Eudiometry Analysis of Atmospheric O2 Percentage' (src=protocols_io) — kept existing
  [TRUE DUP] Dropped  'Experimental procedure of household activities and' (src=protocols_io) — kept existing
  [TRUE DUP] Replaced 'Extraction of PCB18 and Its Hydroxylated Metabolit' with better version 'Extraction of PCB18 and Its Hydroxylated Metabolit'
  [TRUE DUP] Dropped  'Feeding Bacteria to House Flies for Microbe Fate a' (src=protocols_io) — kept existing
  [TRUE DUP] Dropped  'Frozen Tissue Nuclei Extraction Protocol' (src=protocols_io) — kept existing
  [TRUE DUP] Dropped  'Gamma-diversity partitioning of gobiid fishes alon' (src=protocols_io) — kept existing
  [TRUE DUP] Dropped  'Gamma-diversity partitioning of gobiid fishes alon' (src=protocols_io) — kept existing
  [TRUE DUP] Dropped  'Gamma-diversity partitioning of gobiid fishes alon' (src=protocols_io) — kept existing
  [TRUE DUP] Dropped  'Gamma-diversity partitioning of gobiid fishes alon' (src=protocols_io) — kept existing
  [TRUE DUP] Dropped  'Gamma-diversity partitioning of gobiid fishes alon' (src=protocols_io) — kept existing
  [TRUE DUP] Replaced 'Guide to molecular databases, phylogenetics and mo' with better version 'Guide to molecular databases, phylogenetics and mo'
  [TRUE DUP] Dropped  'Hepatitis A MGB TaqMan Assay Protocol' (src=protocols_io) — kept existing
  [TRUE DUP] Dropped  'High-quality reference genome of the Siamese fight' (src=protocols_io) — kept existing
  [TRUE DUP] Dropped  'IHC Fluorescent Frozen Sections' (src=protocols_io) — kept existing
  [TRUE DUP] Dropped  'Influenza B Virus VICTORIA Lineage TaqMan Protocol' (src=protocols_io) — kept existing
  [TRUE DUP] Dropped  'Influenza B Virus YAMAGATA Lineage TaqMan Protocol' (src=protocols_io) — kept existing
  [TRUE DUP] Dropped  'Installation Instructions for RNA-seq Analysis Usi' (src=protocols_io) — kept existing
  [TRUE DUP] Dropped  'Installing Anvi'o using a Docker Image' (src=protocols_io) — kept existing
  [TRUE DUP] Replaced 'Instructions for recreating elPrep 4.0.0 WES bench' with better version 'Instructions for recreating the elPrep 4.0.0 WES b'
  [TRUE DUP] Dropped  'Intracardiac Perfusion with Fixative for Anatomica' (src=protocols_io) — kept existing
  [TRUE DUP] Dropped  'Inverted Clamp FISH Ligation Protocol' (src=protocols_io) — kept existing
  [TRUE DUP] Dropped  'Inverted Clamp FISH Ligation Protocol' (src=protocols_io) — kept existing
  [TRUE DUP] Dropped  'Isolation of the Antioxidant Metabolite from the E' (src=protocols_io) — kept existing
  [TRUE DUP] Dropped  'Lectin C Gene Analysis' (src=protocols_io) — kept existing
  [TRUE DUP] Dropped  'Measles Vaccine Virus Taqman-MGB' (src=protocols_io) — kept existing
  [TRUE DUP] Dropped  'Measles Virus Fusion Gene TaqMan Assay Protocol' (src=protocols_io) — kept existing
  [TRUE DUP] Dropped  'Measles Virus TaqMan RT-PCR Protocol' (src=protocols_io) — kept existing
  [TRUE DUP] Dropped  'Molecular expression analysis using DNA microarray' (src=protocols_io) — kept existing
  [TRUE DUP] Dropped  'Multi-Seq: Clean Nuclei Preparation Protocol' (src=protocols_io) — kept existing
  [TRUE DUP] Dropped  'Natural Transformation' (src=protocols_io) — kept existing
  [TRUE DUP] Dropped  'Obtaining NK Cell Clones Using IL-2 and Gene-Modif' (src=protocols_io) — kept existing
  [TRUE DUP] Dropped  'Orientia tsutsugamushi real-time PCR' (src=protocols_io) — kept existing
  [TRUE DUP] Dropped  'Pepper Field Protocol 2018 - FFAR/Bee Better Surve' (src=protocols_io) — kept existing
  [TRUE DUP] Dropped  'Potato Anthocyanin Extraction and Purification' (src=protocols_io) — kept existing
  [TRUE DUP] Dropped  'LEO Filter Sample DNA Extractions Using PowerWater' (src=protocols_io) — kept existing
  [TRUE DUP] Replaced 'Isolation of SARS-CoV-2 RNA from Wastewater' with better version 'Isolation of SARS-CoV-2 RNA from Wastewater'
  [TRUE DUP] Dropped  'Protocols for Preparation of Blood Smears and Repo' (src=protocols_io) — kept existing
  [TRUE DUP] Dropped  'Protoplast Isolation from Zymoseptoria tritici' (src=protocols_io) — kept existing
  [TRUE DUP] Dropped  'Psychometric Properties of the Korean Version of t' (src=protocols_io) — kept existing
  [TRUE DUP] Dropped  'Q5® Site-Directed Mutagenesis' (src=protocols_io) — kept existing
  [TRUE DUP] Dropped  'Removal of genomic DNA from RNA preparations' (src=protocols_io) — kept existing
  [TRUE DUP] Dropped  'RNA Extraction CTAB Protocol' (src=protocols_io) — kept existing
  [TRUE DUP] Dropped  'RNA Extraction for the Betta Splendens Genome' (src=protocols_io) — kept existing
  [TRUE DUP] Dropped  'RNA Isolation from Plant Tissue Protocol 11: Tri R' (src=protocols_io) — kept existing
  [TRUE DUP] Dropped  'RNA Isolation from Plant Tissue Protocol 17: Invit' (src=protocols_io) — kept existing
  [TRUE DUP] Dropped  's3-WGS Protocol for Nuclei Isolation and Tn5 Prepa' (src=protocols_io) — kept existing
  [TRUE DUP] Dropped  'Sanger Tree of Life HMW DNA Fragmentation using Di' (src=protocols_io) — kept existing
  [TRUE DUP] Dropped  'SCoPE2 Protocol for Mass Spectrometry Analysis' (src=protocols_io) — kept existing
  [TRUE DUP] Dropped  'Sequencing Library Preparation' (src=protocols_io) — kept existing
  [TRUE DUP] Dropped  'SARS-CoV-2 Real-Time RT-PCR N Gene Protocol' (src=protocols_io) — kept existing
  [TRUE DUP] Dropped  'SARS-CoV-2 Real-Time RT-PCR Protocol for ORF1ab De' (src=protocols_io) — kept existing
  [TRUE DUP] Dropped  'SARS-CoV-2 Real-Time RT-PCR Protocol' (src=protocols_io) — kept existing
  [TRUE DUP] Dropped  'Single Molecule FISH Protocol' (src=protocols_io) — kept existing
  [TRUE DUP] Dropped  'SPARC Bilateral Phrenic Neurophysiology Preparatio' (src=protocols_io) — kept existing
  [TRUE DUP] Dropped  'SPARC Cat - Sham Control Chronic Cat 3, Day 14' (src=protocols_io) — kept existing
  [TRUE DUP] Dropped  'Standard iGEM Cell Measurement Protocol' (src=protocols_io) — kept existing
  [TRUE DUP] Dropped  'Standard method for microCT-based additive manufac' (src=protocols_io) — kept existing
  [TRUE DUP] Dropped  'Standard ZymoBIOMICS™ DNA/RNA Miniprep Kit for Par' (src=protocols_io) — kept existing
  [TRUE DUP] Dropped  'Stereotaxic Injection by Nanoject Protocol' (src=protocols_io) — kept existing
  [TRUE DUP] Dropped  'Measurement of Superoxide Levels in Muscle Fillets' (src=protocols_io) — kept existing
  [TRUE DUP] Dropped  'Swedish Traditional Gingersnaps' (src=protocols_io) — kept existing
  [TRUE DUP] Dropped  'The ARF-AID System for Inducible Protein Degradati' (src=protocols_io) — kept existing
  [TRUE DUP] Replaced 'High Molecular Weight Total DNA Extraction from Pl' with better version 'Total High Molecular Weight DNA Extraction from Pl'
  [TRUE DUP] Dropped  'Total Nucleic Acid Extraction Using NucleoMag® DNA' (src=protocols_io) — kept existing
  [TRUE DUP] Dropped  'Transfection of i3Neurons Support Protocol' (src=protocols_io) — kept existing
  [TRUE DUP] Dropped  'Transfection of Micromonas commoda CCMP2709' (src=protocols_io) — kept existing
  [TRUE DUP] Dropped  'U Mass - Cholesterol (LDL) Analysis Protocol' (src=protocols_io) — kept existing
  [TRUE DUP] Dropped  'U Mass - Cytokines Panel II - multiplex' (src=protocols_io) — kept existing
  [TRUE DUP] Dropped  'U Mass - Electrolytes' (src=protocols_io) — kept existing
  [TRUE DUP] Dropped  'U Mass - Gamma-glutamyl Transferase Assay Protocol' (src=protocols_io) — kept existing
  [TRUE DUP] Dropped  'U Mass - Glucagon Assay Protocol' (src=protocols_io) — kept existing
  [TRUE DUP] Dropped  'U Mass - Hemoglobin A1c Assay Protocol' (src=protocols_io) — kept existing
  [TRUE DUP] Dropped  'U Mass - Lactate Dehydrogenase Analysis Protocol' (src=protocols_io) — kept existing
  [TRUE DUP] Dropped  'U Mass -Lactate Analysis Protocol' (src=protocols_io) — kept existing
  [TRUE DUP] Dropped  'U Mass - Leptin Assay Protocol' (src=protocols_io) — kept existing
  [TRUE DUP] Dropped  'U Mass - Lipase Analysis Protocol' (src=protocols_io) — kept existing
  [TRUE DUP] Dropped  'U Mass - Resistin Assay Protocol' (src=protocols_io) — kept existing
  [TRUE DUP] Dropped  'U Mass - Triglyceride Analysis Protocol' (src=protocols_io) — kept existing
  [TRUE DUP] Dropped  'Digestible Energy Measurement by Proximate Analysi' (src=protocols_io) — kept existing
  [TRUE DUP] Dropped  'Gut Microbiome Analysis in Mice Using Illumina Seq' (src=protocols_io) — kept existing
  [TRUE DUP] Dropped  'LDL Protocol for Sample Preparation and Analysis' (src=protocols_io) — kept existing
  [TRUE DUP] Dropped  'Meal Pattern Analysis in CLAMS' (src=protocols_io) — kept existing
  [TRUE DUP] Dropped  'Universal plant and animal eDNA metabarcoding usin' (src=protocols_io) — kept existing
  [TRUE DUP] Dropped  'untitled protocol' (src=protocols_io) — kept existing
  [TRUE DUP] Dropped  'untitled protocol' (src=protocols_io) — kept existing
  [TRUE DUP] Dropped  'untitled protocol' (src=protocols_io) — kept existing
  [TRUE DUP] Dropped  'untitled protocol' (src=protocols_io) — kept existing
  [TRUE DUP] Dropped  'untitled protocol' (src=protocols_io) — kept existing
  [TRUE DUP] Dropped  'untitled protocol' (src=protocols_io) — kept existing
  [TRUE DUP] Dropped  'untitled protocol' (src=protocols_io) — kept existing
  [TRUE DUP] Dropped  'untitled protocol' (src=protocols_io) — kept existing
  [TRUE DUP] Dropped  'untitled protocol' (src=protocols_io) — kept existing
  [TRUE DUP] Dropped  'Use of Tracer Dyes to Label Neural Projections to ' (src=protocols_io) — kept existing
  [TRUE DUP] Dropped  'Yellow Fever Virus Real-Time RT-PCR Protocol' (src=protocols_io) — kept existing
  [TRUE DUP] Dropped  'Genome-wide Interrogation of Protein-DNA Interacti' (src=star_protocols) — kept existing
  [TRUE DUP] Dropped  'Procedural Steps for Effective Delivery, Installat' (src=zenodo) — kept existing
  [TRUE DUP] Dropped  'DISCOVER - model interpretability' (src=zenodo) — kept existing
  [TRUE DUP] Dropped  'Вплив соціальних страхів в юнацькому віці' (src=zenodo) — kept existing
  [TRUE DUP] Dropped  'Evaluation of Vitamin D Receptor Expression by RT-' (src=zenodo) — kept existing
  [TRUE DUP] Dropped  'Evaluation of Vitamin D Receptor Expression by RT-' (src=zenodo) — kept existing
  [TRUE DUP] Dropped  'Development of High-Yielding Flood-Resilient Rice ' (src=zenodo) — kept existing
  [TRUE DUP] Dropped  'Development and Validation of RP-HPLC Method for B' (src=zenodo) — kept existing
  [TRUE DUP] Dropped  'ATAC-Seq Invivo BA 10mg HFD Diet' (src=zenodo) — kept existing
  [TRUE DUP] Dropped  'Normal Chip H3 Control' (src=zenodo) — kept existing
  [TRUE DUP] Dropped  'Normal Chip H3K23ac Control' (src=zenodo) — kept existing
  [TRUE DUP] Dropped  'Normal Chip H3K23ac BA' (src=zenodo) — kept existing
  [TRUE DUP] Dropped  'Normal Chip H4K16ac Control' (src=zenodo) — kept existing
  [TRUE DUP] Dropped  'Normal Chip H4K16ac BA' (src=zenodo) — kept existing
  [TRUE DUP] Dropped  'RNA-Seq in vivo BA 10mg Chow Diet' (src=zenodo) — kept existing
  [TRUE DUP] Dropped  'RNA-Seq in vivo BA 30mg/kg (Chow) Diet' (src=zenodo) — kept existing
  [TRUE DUP] Dropped  'RNA-Seq ACSS2 Knockdown Analysis' (src=zenodo) — kept existing
  [TRUE DUP] Dropped  'Effectiveness of QRIS on Motor Vehicle Tax Payment' (src=zenodo) — kept existing
  [TRUE DUP] Dropped  'Normal ChIP H3K9ac Control in Primary Mouse Hepato' (src=zenodo) — kept existing
  [TRUE DUP] Dropped  'Normal ChIP H3K9ac in Primary Mouse Hepatocytes' (src=zenodo) — kept existing
  [TRUE DUP] Dropped  'Normal ChIP H3K9ac Control in Primary Human Hepato' (src=zenodo) — kept existing
  [TRUE DUP] Dropped  'Normal ChIP H3K9ac in Primary Human Hepatocytes' (src=zenodo) — kept existing
  [TRUE DUP] Dropped  'Benchmarking fish biodiversity of seaports with eD' (src=zenodo) — kept existing
  [TRUE DUP] Dropped  'Mating environments mediate the evolution of behav' (src=zenodo) — kept existing
  [TRUE DUP] Dropped  'ATAC-Seq Invivo BA 30mg HFD Diet' (src=zenodo) — kept existing
  [TRUE DUP] Dropped  'S82D mutation affects NQO1 activity' (src=zenodo) — kept existing
  [TRUE DUP] Dropped  'Tidewater goby and estuarine fish records from sei' (src=zenodo) — kept existing
  [TRUE DUP] Dropped  'Gene expression differences in western redcedar se' (src=zenodo) — kept existing
  [TRUE DUP] Dropped  'Late Pleistocene stickleback environmental genomes' (src=zenodo) — kept existing
  [TRUE DUP] Dropped  'Knowledge of Primary Health Care Nurses Regarding ' (src=zenodo) — kept existing
  [TRUE DUP] Dropped  'Whole genome sequence of Microbacterium lacticum s' (src=zenodo) — kept existing
  [TRUE DUP] Dropped  'Whole genome sequence of Bacillus licheniformis st' (src=zenodo) — kept existing
  [TRUE DUP] Dropped  'Isolation by disruptive selection' (src=zenodo) — kept existing
  [TRUE DUP] Dropped  'Description and mitochondrial genome sequencing of' (src=zenodo) — kept existing
  [TRUE DUP] Dropped  'Invasibility of a North American soil ecosystem to' (src=zenodo) — kept existing
  [TRUE DUP] Dropped  'Do genetic loci that cause reproductive isolation ' (src=zenodo) — kept existing
  [TRUE DUP] Dropped  'Self-amplifying RNA with modified nucleotides for ' (src=zenodo) — kept existing
  [TRUE DUP] Dropped  'Transcriptomic atlas reveals organ-specific diseas' (src=zenodo) — kept existing
  [TRUE DUP] Dropped  'Case-Control Study: Unveiling Human Polyomaviruses' (src=zenodo) — kept existing
  [TRUE DUP] Dropped  'Transcriptomic atlas reveals organ-specific diseas' (src=zenodo) — kept existing
  [TRUE DUP] Dropped  'Transcriptomic atlas reveals organ-specific diseas' (src=zenodo) — kept existing
  [TRUE DUP] Dropped  'A critical review of the extraction methods of val' (src=zenodo) — kept existing
  [TRUE DUP] Dropped  'Major group-B enterovirus populations and type I i' (src=zenodo) — kept existing
  [TRUE DUP] Dropped  'Interpretable and integrative deep learning for di' (src=zenodo) — kept existing
  [TRUE DUP] Dropped  'BERT-infect models for segmented RNA viruses' (src=zenodo) — kept existing
  [TRUE DUP] Dropped  'First Steps to Python for Humanities & Social Scie' (src=zenodo) — kept existing
  [TRUE DUP] Dropped  'Using Simpler Algorithm for Cavity Flow Problem' (src=zenodo) — kept existing
  [TRUE DUP] Dropped  'A Study on Antibiotic Pattern of Urinary Tract Inf' (src=zenodo) — kept existing
  [TRUE DUP] Dropped  'iCollections methodology: workflow, results and le' (src=zenodo) — kept existing
  [TRUE DUP] Dropped  'Alrecon: Computed Tomography Reconstruction Web Ap' (src=zenodo) — kept existing
  [TRUE DUP] Dropped  'Biotic interactions promote local adaptation to so' (src=zenodo) — kept existing
  [TRUE DUP] Dropped  'Pengembangan Antimikroba yang Lebih Efektif Melalu' (src=zenodo) — kept existing
  [TRUE DUP] Dropped  'Concordant inter-laboratory derived concentrations' (src=zenodo) — kept existing

Writing outputs...
  Withheld (zero-step, not published): 494
  Published to protocols/: 13437

=== Statistics ===
  bio_protocol: 435 loaded
  biological_procedures: 247 loaded
  current_protocols: 113 loaded
  figshare: 213 loaded
  github_opentrons: 832 loaded
  methodsx: 2658 loaded
  openwetware: 0 loaded
  protocols_io: 6291 loaded
  pubmed_central: 53 loaded
  star_protocols: 1076 loaded
  vendor: 0 loaded
  zenodo: 2269 loaded
  True duplicates removed : 256
  Version families        : 371
  Unique protocol files   : 13931
  Written to              : data/merged/ and protocols/
Total protocols audited: 5723

── CRITICAL (must be ~0) ──────────────────────────────
Severed-sentence pairs (eaten marker signature): 69
    a_bioinformatics_pipeline_for_processing_and_analysis_of_whole_transcriptome_seq.json  step 4->5
    a_centralized_pathology_protocol_for_global_cancer_genomics.json  step 2->3
    a_centralized_pathology_protocol_for_global_cancer_genomics.json  step 38->39
    allicin_as_a_complementary_medicine_for_helicobacter_pylori_therapy.json  step 2->3
    analysis_of_bdnf_protein_expression.json  step 4->5
    analysis_of_bdnf_protein_expression.json  step 8->9
    analysis_of_bdnf_protein_expression.json  step 31->32
    analysis_of_bdnf_protein_expression.json  step 32->33
    bgiseq_500_sequencing.json  step 5->6
    bmdm_salmonella_replication.json  step 8->9

step_id not sequential:      0

Empty instruction in a step: 0

── WARN (coverage/backlog, not corruption) ────────────
Zero-step (unusable):        0

Single mega-step (>800ch, likely unsplit): 68
       68  protocols_io

Category still 'Other':      177

PASS — critical gate (within threshold of 160 severed pairs)
[Wed Jul  8 04:47:07 PM CEST 2026] Resuming protocols_io title/substep restructuring...
