protocols.io slugs to fetch: 6103
  [1/6103] done=1 skip=0 fail=0  nebnext-end-repair-module-e6050-k64czgw
  [2/6103] done=2 skip=0 fail=0  routine-cell-culture-q2jdycn
  [3/6103] done=3 skip=0 fail=0  freezing-tissue-in-oct-using-isopentane-x3wfqpe
  [4/6103] done=4 skip=0 fail=0  step-2-preparing-amino-acid-polyphosphates-and-mal
  [5/6103] done=5 skip=0 fail=0  pcr-cloning-with-blue-white-selection-and-easy-ins
  [100/6103] done=100 skip=0 fail=0  a-survival-analysis-based-volatility-and-sparsity-
  [200/6103] done=200 skip=0 fail=0  cell-lysis-detergent-free-k79czr6
  [300/6103] done=300 skip=0 fail=0  volatile-anesthetics-versus-total-intravenous-anes
  [400/6103] done=400 skip=0 fail=0  agarose-gel-electrophoresis-7ukhnuw
  [500/6103] done=500 skip=0 fail=0  carbon-and-nitrogen-stable-isotope-analysis-in-har
  [600/6103] done=600 skip=0 fail=0  immunostaining-protocol-for-mitochondrial-morpholo
  [700/6103] done=700 skip=0 fail=0  preparation-of-aqueous-extracts-of-plants-szwef7e
  [800/6103] done=800 skip=0 fail=0  extraction-of-high-molecular-weight-dna-from-aphid
  [900/6103] done=900 skip=0 fail=0  operating-the-gassing-manifold-vcue2ww
  [1000/6103] done=1000 skip=0 fail=0  matrix-deposition-using-the-sunchrom-sprayer-ug5et
  [1100/6103] done=1100 skip=0 fail=0  silicone-induced-granuloma-of-breast-implant-capsu
  [1200/6103] done=1200 skip=0 fail=0  thermal-nociception-threshold-at-the-knee-in-wista
  [1300/6103] done=1300 skip=0 fail=0  tx-100-fractionation-protocol-caiksccw
  [1400/6103] done=1400 skip=0 fail=0  library-preparation-from-a-single-amplicon-pool-bd
  [1500/6103] done=1500 skip=0 fail=0  instructions-for-planar-area-analysis-using-cpce-4
  [1600/6103] done=1600 skip=0 fail=0  sparc-cat-sham-control-chronic-implant-cat-4-day-3
  [1700/6103] done=1700 skip=0 fail=0  genomic-signature-pattern-analysis-of-the-hiv-1-th
  [1800/6103] done=1800 skip=0 fail=0  measuring-coral-skeletal-architecture-using-image-
  [1900/6103] done=1900 skip=0 fail=0  airbrushed-coral-sample-preparation-for-organic-st
  [2000/6103] done=2000 skip=0 fail=0  dna-extraction-for-unsorted-bulk-river-samples-d38
  [2100/6103] done=2100 skip=0 fail=0  its2-metabarcoding-protocol-vdye27w
  [2200/6103] done=2200 skip=0 fail=0  uc-davis-metabolomics-primary-metabolites-by-gc-to
  [2300/6103] done=2300 skip=0 fail=0  the-estimation-of-the-relative-gene-expression-in-
  [2400/6103] done=2400 skip=0 fail=0  stable-isotopes-in-avian-research-a-step-by-step-p
  [2500/6103] done=2500 skip=0 fail=0  bacteriophage-dna-extraction-g69gbzh3x
  [2600/6103] done=2600 skip=0 fail=0  hello-bash-jvgcn3w
  [2700/6103] done=2700 skip=0 fail=0  first-strand-cdna-synthesis-and-conventional-polym
  [2800/6103] done=2800 skip=0 fail=0  active-avoidance-protocol-01282020-bbu6inze
  [2900/6103] done=2900 skip=0 fail=0  whole-cell-lipidome-extraction-with-mbte-eggert-la
  [3000/6103] done=3000 skip=0 fail=0  protocol-of-dna-extraction-for-nanopore-long-reads
  [3100/6103] done=3100 skip=0 fail=0  mulheres-na-pra-a-sa-de-de-gra-a-relato-de-experi-
  [3200/6103] done=3200 skip=0 fail=0  immunohistochemical-staining-of-heparan-sulfate-hs
  [3300/6103] done=3300 skip=0 fail=0  plant-dna-extraction-and-preparation-for-ont-seque
  [3400/6103] done=3400 skip=0 fail=0  prognostic-factors-associated-with-survival-in-pat
  [3500/6103] done=3500 skip=0 fail=0  dengue-serotyping-by-real-time-taqman-pc-rabd2an
  [3600/6103] done=3600 skip=0 fail=0  pcl-peg-electrospinning-yaffsbn
  [3700/6103] done=3700 skip=0 fail=0  prueba-de-hemolisis-de-eritrocitos-humanos-jh9cj96
  [3800/6103] done=3800 skip=0 fail=0  symbiodinium-cp23s-rflp-and-sequence-analysis-qyjd
  [3900/6103] done=3900 skip=0 fail=0  axonal-proteome-analysis-and-western-blot-via-apex
  [4000/6103] done=4000 skip=0 fail=0  modified-powermax-soil-kit-protocol-for-dna-extrac
  [4100/6103] done=4100 skip=0 fail=0  nebexpress-mbp-fusion-and-purification-system-neb-
  [4200/6103] done=4200 skip=0 fail=0  recordings-with-multiple-neuropixels-probes-in-hea
  [4219/6103] ERROR propagating-t5-phages-for-fluorescent-staining-igzcbx6: HTTPSConnectionPool(host='www.protocols.io', port=443): Read timed out. (read timeout=30)
  [4300/6103] done=4299 skip=0 fail=1  The-construction-and-analysis-of-marker-gene-libra
  [4400/6103] ERROR simple-tca-acetone-protein-extraction-protocol-for-cthywj7w: HTTPSConnectionPool(host='www.protocols.io', port=443): Max retries exceeded with url: /api/v3/protocols/simple-tca-acetone-protein-extraction-protocol-for-cthywj7w (Caused by NameResolutionError("HTTPSConnection(host='www.protocols.io', port=443): Failed to resolve 'www.protocols.io' ([Errno -2] Name or service not known)"))
  [4500/6103] done=4498 skip=0 fail=2  bacterial-two-hybrid-analysis-qaedsbe
  [4600/6103] done=4598 skip=0 fail=2  well-plate-cell-viability-assay-for-cells-cultured
  [4700/6103] done=4698 skip=0 fail=2  concentration-and-total-rna-extraction-of-viruses-
  [4800/6103] done=4798 skip=0 fail=2  iu-kpmp-amp-hubmap-visium-hd-protocol-hkzmb4x47
  [4900/6103] done=4898 skip=0 fail=2  cgap-macs-live-dead-separation-qz5dx86
  [5000/6103] done=4998 skip=0 fail=2  quantitative-reverse-transcriptase-pcr-analysis-v7
  [5100/6103] done=5098 skip=0 fail=2  miniprep-ethanol-lysis-9wsh7ee
  [5200/6103] done=5198 skip=0 fail=2  run-uproc-dna-using-imicrobe-u3jeykn
  [5300/6103] done=5298 skip=0 fail=2  pcr-for-porphyromonas-gingivalis-and-fima-genotype
  [5400/6103] done=5398 skip=0 fail=2  spot-bleaching-of-a-handful-of-c-elegans-nematode-
  [5500/6103] done=5498 skip=0 fail=2  transduction-of-i3neurons-support-protocol-4-5wvg7
  [5600/6103] done=5598 skip=0 fail=2  viral-rna-extraction-low-cost-protocol-optimized-f
  [5700/6103] done=5698 skip=0 fail=2  verification-of-protein-changes-by-parallel-reacti
  [5800/6103] done=5798 skip=0 fail=2  comprehensive-workflow-for-extracting-high-quality
  [5900/6103] done=5898 skip=0 fail=2  dundee-neutrophil-isolation-protocol-from-whole-bl
  [6000/6103] done=5998 skip=0 fail=2  tutorial-for-matlab-functions-for-chicken-behavior
  [6100/6103] done=6098 skip=0 fail=2  protocols-for-preparation-of-blood-smears-reportin

Done. fetched=6101 skipped=0 failed=2
